../Core/Src/main.c:94:5:__io_putchar	16	static
../Core/Src/main.c:100:6:sensors_read	8	static
../Core/Src/main.c:107:6:Lcd_display	8	static
../Core/Src/main.c:138:6:oled_display	8	static
../Core/Src/main.c:166:6:uart_temp_display	8	static
../Core/Src/main.c:176:6:HAL_UART_RxCpltCallback	24	static
../Core/Src/main.c:246:6:HAL_GPIO_EXTI_Callback	16	static
../Core/Src/main.c:287:5:main	8	static
../Core/Src/main.c:366:6:SystemClock_Config	88	static
../Core/Src/main.c:416:6:Error_Handler	4	static,ignoring_inline_asm
