../Core/Src/main.c:95:5:__io_putchar	16	static
../Core/Src/main.c:101:6:sensors_read	8	static
../Core/Src/main.c:108:6:Lcd_display	8	static
../Core/Src/main.c:139:6:oled_display	8	static
../Core/Src/main.c:167:6:uart_temp_display	8	static
../Core/Src/main.c:177:6:HAL_UART_RxCpltCallback	24	static
../Core/Src/main.c:247:6:HAL_GPIO_EXTI_Callback	16	static
../Core/Src/main.c:279:5:main	8	static
../Core/Src/main.c:358:6:SystemClock_Config	88	static
../Core/Src/main.c:408:6:Error_Handler	4	static,ignoring_inline_asm
