../Core/Src/lcd_16x2.c:30:6:Lcd_Init	8	static
../Core/Src/lcd_16x2.c:46:6:Lcd_write_int	32	static
../Core/Src/lcd_16x2.c:61:6:Lcd_write_float	32	static
../Core/Src/lcd_16x2.c:74:6:Lcd_write_string	32	static
../Core/Src/lcd_16x2.c:89:6:Lcd_clear_display	8	static
../Core/Src/lcd_16x2.c:99:6:Lcd_create_custom_char	24	static
../Core/Src/lcd_16x2.c:120:6:Lcd_gotoxy	16	static
../Core/Src/lcd_16x2.c:140:6:Lcd_write_custom_char	16	static
../Core/Src/lcd_16x2.c:152:6:Lcd_clear_xy	16	static
../Core/Src/lcd_16x2.c:166:7:Lcd_configure	40	static
../Core/Src/lcd_16x2.c:231:6:lcd_write_command	16	static
../Core/Src/lcd_16x2.c:239:6:lcd_write_data	16	static
../Core/Src/lcd_16x2.c:246:6:lcd_write	24	static
