../Core/Src/main.c:118:5:__io_putchar	16	static
../Core/Src/main.c:147:6:sensor_read	8	static
../Core/Src/main.c:154:6:Lcd_display	8	static
../Core/Src/main.c:184:6:oled_display	8	static
../Core/Src/main.c:212:6:uart_temp_display	8	static
../Core/Src/main.c:222:6:HAL_UART_RxCpltCallback	24	static
../Core/Src/main.c:298:6:HAL_GPIO_EXTI_Callback	16	static
../Core/Src/main.c:335:5:main	16	static
../Core/Src/main.c:449:6:SystemClock_Config	88	static
../Core/Src/main.c:496:13:MX_ADC1_Init	24	static
../Core/Src/main.c:543:13:MX_I2C2_Init	8	static
../Core/Src/main.c:577:13:MX_USART1_UART_Init	8	static
../Core/Src/main.c:608:13:MX_DMA_Init	16	static
../Core/Src/main.c:626:13:MX_GPIO_Init	40	static
../Core/Src/main.c:686:6:StartSensorTask	16	static
../Core/Src/main.c:711:6:StartUartTask	16	static
../Core/Src/main.c:735:6:StartLCDTask	16	static
../Core/Src/main.c:759:6:HAL_TIM_PeriodElapsedCallback	16	static
../Core/Src/main.c:776:6:Error_Handler	4	static,ignoring_inline_asm
