Archive member included to satisfy reference by file (symbol)

c:/program files/stmicroelectronics/stm32cube/stm32cubeide_1.12.1/stm32cubeide/plugins/com.st.stm32cube.ide.mcu.externaltools.gnu-tools-for-stm32.10.3-2021.10.win32_1.0.200.202301161003/tools/bin/../lib/gcc/arm-none-eabi/10.3.1/../../../../arm-none-eabi/lib/thumb/v7-m/nofp\libc_nano.a(lib_a-atoi.o)
                              ./Core/Src/main.o (atoi)
c:/program files/stmicroelectronics/stm32cube/stm32cubeide_1.12.1/stm32cubeide/plugins/com.st.stm32cube.ide.mcu.externaltools.gnu-tools-for-stm32.10.3-2021.10.win32_1.0.200.202301161003/tools/bin/../lib/gcc/arm-none-eabi/10.3.1/../../../../arm-none-eabi/lib/thumb/v7-m/nofp\libc_nano.a(lib_a-errno.o)
                              ./Core/Src/syscalls.o (__errno)
c:/program files/stmicroelectronics/stm32cube/stm32cubeide_1.12.1/stm32cubeide/plugins/com.st.stm32cube.ide.mcu.externaltools.gnu-tools-for-stm32.10.3-2021.10.win32_1.0.200.202301161003/tools/bin/../lib/gcc/arm-none-eabi/10.3.1/../../../../arm-none-eabi/lib/thumb/v7-m/nofp\libc_nano.a(lib_a-exit.o)
                              c:/program files/stmicroelectronics/stm32cube/stm32cubeide_1.12.1/stm32cubeide/plugins/com.st.stm32cube.ide.mcu.externaltools.gnu-tools-for-stm32.10.3-2021.10.win32_1.0.200.202301161003/tools/bin/../lib/gcc/arm-none-eabi/10.3.1/../../../../arm-none-eabi/lib/thumb/v7-m/nofp/crt0.o (exit)
c:/program files/stmicroelectronics/stm32cube/stm32cubeide_1.12.1/stm32cubeide/plugins/com.st.stm32cube.ide.mcu.externaltools.gnu-tools-for-stm32.10.3-2021.10.win32_1.0.200.202301161003/tools/bin/../lib/gcc/arm-none-eabi/10.3.1/../../../../arm-none-eabi/lib/thumb/v7-m/nofp\libc_nano.a(lib_a-impure.o)
                              c:/program files/stmicroelectronics/stm32cube/stm32cubeide_1.12.1/stm32cubeide/plugins/com.st.stm32cube.ide.mcu.externaltools.gnu-tools-for-stm32.10.3-2021.10.win32_1.0.200.202301161003/tools/bin/../lib/gcc/arm-none-eabi/10.3.1/../../../../arm-none-eabi/lib/thumb/v7-m/nofp\libc_nano.a(lib_a-exit.o) (_global_impure_ptr)
c:/program files/stmicroelectronics/stm32cube/stm32cubeide_1.12.1/stm32cubeide/plugins/com.st.stm32cube.ide.mcu.externaltools.gnu-tools-for-stm32.10.3-2021.10.win32_1.0.200.202301161003/tools/bin/../lib/gcc/arm-none-eabi/10.3.1/../../../../arm-none-eabi/lib/thumb/v7-m/nofp\libc_nano.a(lib_a-init.o)
                              c:/program files/stmicroelectronics/stm32cube/stm32cubeide_1.12.1/stm32cubeide/plugins/com.st.stm32cube.ide.mcu.externaltools.gnu-tools-for-stm32.10.3-2021.10.win32_1.0.200.202301161003/tools/bin/../lib/gcc/arm-none-eabi/10.3.1/../../../../arm-none-eabi/lib/thumb/v7-m/nofp/crt0.o (__libc_init_array)
c:/program files/stmicroelectronics/stm32cube/stm32cubeide_1.12.1/stm32cubeide/plugins/com.st.stm32cube.ide.mcu.externaltools.gnu-tools-for-stm32.10.3-2021.10.win32_1.0.200.202301161003/tools/bin/../lib/gcc/arm-none-eabi/10.3.1/../../../../arm-none-eabi/lib/thumb/v7-m/nofp\libc_nano.a(lib_a-memcpy-stub.o)
                              ./Core/Src/ssd1306.o (memcpy)
c:/program files/stmicroelectronics/stm32cube/stm32cubeide_1.12.1/stm32cubeide/plugins/com.st.stm32cube.ide.mcu.externaltools.gnu-tools-for-stm32.10.3-2021.10.win32_1.0.200.202301161003/tools/bin/../lib/gcc/arm-none-eabi/10.3.1/../../../../arm-none-eabi/lib/thumb/v7-m/nofp\libc_nano.a(lib_a-memmove.o)
                              ./Core/Src/ssd1306_tests.o (memmove)
c:/program files/stmicroelectronics/stm32cube/stm32cubeide_1.12.1/stm32cubeide/plugins/com.st.stm32cube.ide.mcu.externaltools.gnu-tools-for-stm32.10.3-2021.10.win32_1.0.200.202301161003/tools/bin/../lib/gcc/arm-none-eabi/10.3.1/../../../../arm-none-eabi/lib/thumb/v7-m/nofp\libc_nano.a(lib_a-memset.o)
                              c:/program files/stmicroelectronics/stm32cube/stm32cubeide_1.12.1/stm32cubeide/plugins/com.st.stm32cube.ide.mcu.externaltools.gnu-tools-for-stm32.10.3-2021.10.win32_1.0.200.202301161003/tools/bin/../lib/gcc/arm-none-eabi/10.3.1/../../../../arm-none-eabi/lib/thumb/v7-m/nofp/crt0.o (memset)
c:/program files/stmicroelectronics/stm32cube/stm32cubeide_1.12.1/stm32cubeide/plugins/com.st.stm32cube.ide.mcu.externaltools.gnu-tools-for-stm32.10.3-2021.10.win32_1.0.200.202301161003/tools/bin/../lib/gcc/arm-none-eabi/10.3.1/../../../../arm-none-eabi/lib/thumb/v7-m/nofp\libc_nano.a(lib_a-printf.o)
                              ./Core/Src/main.o (printf)
c:/program files/stmicroelectronics/stm32cube/stm32cubeide_1.12.1/stm32cubeide/plugins/com.st.stm32cube.ide.mcu.externaltools.gnu-tools-for-stm32.10.3-2021.10.win32_1.0.200.202301161003/tools/bin/../lib/gcc/arm-none-eabi/10.3.1/../../../../arm-none-eabi/lib/thumb/v7-m/nofp\libc_nano.a(lib_a-puts.o)
                              ./Core/Src/main.o (puts)
[...]
Memory Configuration

Name             Origin             Length             Attributes
RAM              0x0000000020000000 0x0000000000005000 xrw
FLASH            0x0000000008000000 0x0000000000010000 xr
*default*        0x0000000000000000 0xffffffffffffffff

Linker script and memory map

LOAD c:/program files/stmicroelectronics/stm32cube/stm32cubeide_1.12.1/stm32cubeide/plugins/com.st.stm32cube.ide.mcu.externaltools.gnu-tools-for-stm32.10.3-2021.10.win32_1.0.200.202301161003/tools/bin/../lib/gcc/arm-none-eabi/10.3.1/thumb/v7-m/nofp/crti.o
LOAD c:/program files/stmicroelectronics/stm32cube/stm32cubeide_1.12.1/stm32cubeide/plugins/com.st.stm32cube.ide.mcu.externaltools.gnu-tools-for-stm32.10.3-2021.10.win32_1.0.200.202301161003/tools/bin/../lib/gcc/arm-none-eabi/10.3.1/thumb/v7-m/nofp/crtbegin.o
LOAD c:/program files/stmicroelectronics/stm32cube/stm32cubeide_1.12.1/stm32cubeide/plugins/com.st.stm32cube.ide.mcu.externaltools.gnu-tools-for-stm32.10.3-2021.10.win32_1.0.200.202301161003/tools/bin/../lib/gcc/arm-none-eabi/10.3.1/../../../../arm-none-eabi/lib/thumb/v7-m/nofp/crt0.o
LOAD ./Core/Src/freertos.o
LOAD ./Core/Src/lcd_16x2.o
LOAD ./Core/Src/main.o
LOAD ./Core/Src/ssd1306.o
LOAD ./Core/Src/ssd1306_fonts.o
LOAD ./Core/Src/ssd1306_tests.o
LOAD ./Core/Src/stm32f1xx_hal_msp.o
LOAD ./Core/Src/stm32f1xx_hal_timebase_tim.o
LOAD ./Core/Src/stm32f1xx_it.o
LOAD ./Core/Src/syscalls.o
LOAD ./Core/Src/sysmem.o
LOAD ./Core/Src/system_stm32f1xx.o
LOAD ./Core/Startup/startup_stm32f103c8tx.o
LOAD ./Drivers/STM32F1xx_HAL_Driver/Src/stm32f1xx_hal.o
LOAD ./Drivers/STM32F1xx_HAL_Driver/Src/stm32f1xx_hal_adc.o
LOAD ./Drivers/STM32F1xx_HAL_Driver/Src/stm32f1xx_hal_adc_ex.o
LOAD ./Drivers/STM32F1xx_HAL_Driver/Src/stm32f1xx_hal_cortex.o
LOAD ./Drivers/STM32F1xx_HAL_Driver/Src/stm32f1xx_hal_dma.o
LOAD ./Drivers/STM32F1xx_HAL_Driver/Src/stm32f1xx_hal_exti.o
LOAD ./Drivers/STM32F1xx_HAL_Driver/Src/stm32f1xx_hal_flash.o
LOAD ./Drivers/STM32F1xx_HAL_Driver/Src/stm32f1xx_hal_flash_ex.o
LOAD ./Drivers/STM32F1xx_HAL_Driver/Src/stm32f1xx_hal_gpio.o
LOAD ./Drivers/STM32F1xx_HAL_Driver/Src/stm32f1xx_hal_gpio_ex.o
LOAD ./Drivers/STM32F1xx_HAL_Driver/Src/stm32f1xx_hal_i2c.o
LOAD ./Drivers/STM32F1xx_HAL_Driver/Src/stm32f1xx_hal_pwr.o
LOAD ./Drivers/STM32F1xx_HAL_Driver/Src/stm32f1xx_hal_rcc.o
LOAD ./Drivers/STM32F1xx_HAL_Driver/Src/stm32f1xx_hal_rcc_ex.o
LOAD ./Drivers/STM32F1xx_HAL_Driver/Src/stm32f1xx_hal_tim.o
LOAD ./Drivers/STM32F1xx_HAL_Driver/Src/stm32f1xx_hal_tim_ex.o
LOAD ./Drivers/STM32F1xx_HAL_Driver/Src/stm32f1xx_hal_uart.o
LOAD ./Middlewares/Third_Party/FreeRTOS/Source/CMSIS_RTOS_V2/cmsis_os2.o
LOAD ./Middlewares/Third_Party/FreeRTOS/Source/croutine.o
LOAD ./Middlewares/Third_Party/FreeRTOS/Source/event_groups.o
LOAD ./Middlewares/Third_Party/FreeRTOS/Source/list.o
LOAD ./Middlewares/Third_Party/FreeRTOS/Source/queue.o
LOAD ./Middlewares/Third_Party/FreeRTOS/Source/stream_buffer.o
LOAD ./Middlewares/Third_Party/FreeRTOS/Source/tasks.o
LOAD ./Middlewares/Third_Party/FreeRTOS/Source/timers.o
LOAD ./Middlewares/Third_Party/FreeRTOS/Source/portable/GCC/ARM_CM3/port.o
LOAD ./Middlewares/Third_Party/FreeRTOS/Source/portable/MemMang/heap_4.o
START GROUP
LOAD c:/program files/stmicroelectronics/stm32cube/stm32cubeide_1.12.1/stm32cubeide/plugins/com.st.stm32cube.ide.mcu.externaltools.gnu-tools-for-stm32.10.3-2021.10.win32_1.0.200.202301161003/tools/bin/../lib/gcc/arm-none-eabi/10.3.1/../../../../arm-none-eabi/lib/thumb/v7-m/nofp\libc_nano.a
LOAD c:/program files/stmicroelectronics/stm32cube/stm32cubeide_1.12.1/stm32cubeide/plugins/com.st.stm32cube.ide.mcu.externaltools.gnu-tools-for-stm32.10.3-2021.10.win32_1.0.200.202301161003/tools/bin/../lib/gcc/arm-none-eabi/10.3.1/../../../../arm-none-eabi/lib/thumb/v7-m/nofp\libm.a
END GROUP
START GROUP
LOAD c:/program files/stmicroelectronics/stm32cube/stm32cubeide_1.12.1/stm32cubeide/plugins/com.st.stm32cube.ide.mcu.externaltools.gnu-tools-for-stm32.10.3-2021.10.win32_1.0.200.202301161003/tools/bin/../lib/gcc/arm-none-eabi/10.3.1/thumb/v7-m/nofp\libgcc.a
LOAD c:/program files/stmicroelectronics/stm32cube/stm32cubeide_1.12.1/stm32cubeide/plugins/com.st.stm32cube.ide.mcu.externaltools.gnu-tools-for-stm32.10.3-2021.10.win32_1.0.200.202301161003/tools/bin/../lib/gcc/arm-none-eabi/10.3.1/../../../../arm-none-eabi/lib/thumb/v7-m/nofp\libc_nano.a
END GROUP
START GROUP
LOAD c:/program files/stmicroelectronics/stm32cube/stm32cubeide_1.12.1/stm32cubeide/plugins/com.st.stm32cube.ide.mcu.externaltools.gnu-tools-for-stm32.10.3-2021.10.win32_1.0.200.202301161003/tools/bin/../lib/gcc/arm-none-eabi/10.3.1/thumb/v7-m/nofp\libgcc.a
LOAD c:/program files/stmicroelectronics/stm32cube/stm32cubeide_1.12.1/stm32cubeide/plugins/com.st.stm32cube.ide.mcu.externaltools.gnu-tools-for-stm32.10.3-2021.10.win32_1.0.200.202301161003/tools/bin/../lib/gcc/arm-none-eabi/10.3.1/../../../../arm-none-eabi/lib/thumb/v7-m/nofp\libc_nano.a
LOAD c:/program files/stmicroelectronics/stm32cube/stm32cubeide_1.12.1/stm32cubeide/plugins/com.st.stm32cube.ide.mcu.externaltools.gnu-tools-for-stm32.10.3-2021.10.win32_1.0.200.202301161003/tools/bin/../lib/gcc/arm-none-eabi/10.3.1/../../../../arm-none-eabi/lib/thumb/v7-m/nofp\libnosys.a
END GROUP
START GROUP
LOAD c:/program files/stmicroelectronics/stm32cube/stm32cubeide_1.12.1/stm32cubeide/plugins/com.st.stm32cube.ide.mcu.externaltools.gnu-tools-for-stm32.10.3-2021.10.win32_1.0.200.202301161003/tools/bin/../lib/gcc/arm-none-eabi/10.3.1/thumb/v7-m/nofp\libgcc.a
LOAD c:/program files/stmicroelectronics/stm32cube/stm32cubeide_1.12.1/stm32cubeide/plugins/com.st.stm32cube.ide.mcu.externaltools.gnu-tools-for-stm32.10.3-2021.10.win32_1.0.200.202301161003/tools/bin/../lib/gcc/arm-none-eabi/10.3.1/../../../../arm-none-eabi/lib/thumb/v7-m/nofp\libc_nano.a
LOAD c:/program files/stmicroelectronics/stm32cube/stm32cubeide_1.12.1/stm32cubeide/plugins/com.st.stm32cube.ide.mcu.externaltools.gnu-tools-for-stm32.10.3-2021.10.win32_1.0.200.202301161003/tools/bin/../lib/gcc/arm-none-eabi/10.3.1/../../../../arm-none-eabi/lib/thumb/v7-m/nofp\libnosys.a
END GROUP
LOAD c:/program files/stmicroelectronics/stm32cube/stm32cubeide_1.12.1/stm32cubeide/plugins/com.st.stm32cube.ide.mcu.externaltools.gnu-tools-for-stm32.10.3-2021.10.win32_1.0.200.202301161003/tools/bin/../lib/gcc/arm-none-eabi/10.3.1/thumb/v7-m/nofp/crtend.o
LOAD c:/program files/stmicroelectronics/stm32cube/stm32cubeide_1.12.1/stm32cubeide/plugins/com.st.stm32cube.ide.mcu.externaltools.gnu-tools-for-stm32.10.3-2021.10.win32_1.0.200.202301161003/tools/bin/../lib/gcc/arm-none-eabi/10.3.1/thumb/v7-m/nofp/crtn.o
                0x0000000020005000                _estack = (ORIGIN (RAM) + LENGTH (RAM))
                0x0000000000000200                _Min_Heap_Size = 0x200
                0x0000000000000400                _Min_Stack_Size = 0x400

.isr_vector     0x0000000008000000      0x10c
                0x0000000008000000                . = ALIGN (0x4)
 *(.isr_vector)
 .isr_vector    0x0000000008000000      0x10c ./Core/Startup/startup_stm32f103c8tx.o
                0x0000000008000000                g_pfnVectors
                0x000000000800010c                . = ALIGN (0x4)

.text           0x0000000008000110     0x9ff8
                0x0000000008000110                . = ALIGN (0x4)
 *(.text)
 .text          0x0000000008000110       0x40 c:/program files/stmicroelectronics/stm32cube/stm32cubeide_1.12.1/stm32cubeide/plugins/com.st.stm32cube.ide.mcu.externaltools.gnu-tools-for-stm32.10.3-2021.10.win32_1.0.200.202301161003/tools/bin/../lib/gcc/arm-none-eabi/10.3.1/thumb/v7-m/nofp/crtbegin.o
 .text          0x0000000008000150       0x10 c:/program files/stmicroelectronics/stm32cube/stm32cubeide_1.12.1/stm32cubeide/plugins/com.st.stm32cube.ide.mcu.externaltools.gnu-tools-for-stm32.10.3-2021.10.win32_1.0.200.202301161003/tools/bin/../lib/gcc/arm-none-eabi/10.3.1/../../../../arm-none-eabi/lib/thumb/v7-m/nofp\libc_nano.a(lib_a-strlen.o)
                0x0000000008000150                strlen
 .text          0x0000000008000160      0x378 c:/program files/stmicroelectronics/stm32cube/stm32cubeide_1.12.1/stm32cubeide/plugins/com.st.stm32cube.ide.mcu.externaltools.gnu-tools-for-stm32.10.3-2021.10.win32_1.0.200.202301161003/tools/bin/../lib/gcc/arm-none-eabi/10.3.1/thumb/v7-m/nofp\libgcc.a(_arm_addsubdf3.o)
                0x0000000008000160                __aeabi_drsub
                0x0000000008000168                __aeabi_dsub
                0x0000000008000168                __subdf3
                0x000000000800016c                __aeabi_dadd
                0x000000000800016c                __adddf3
                0x00000000080003e4                __floatunsidf
                0x00000000080003e4                __aeabi_ui2d
                0x0000000008000404                __floatsidf
                0x0000000008000404                __aeabi_i2d
                0x0000000008000428                __aeabi_f2d
                0x0000000008000428                __extendsfdf2
                0x000000000800046c                __floatundidf
                0x000000000800046c                __aeabi_ul2d
                0x000000000800047c                __floatdidf
                0x000000000800047c                __aeabi_l2d
 .text          0x00000000080004d8      0x424 c:/program files/stmicroelectronics/stm32cube/stm32cubeide_1.12.1/stm32cubeide/plugins/com.st.stm32cube.ide.mcu.externaltools.gnu-tools-for-stm32.10.3-2021.10.win32_1.0.200.202301161003/tools/bin/../lib/gcc/arm-none-eabi/10.3.1/thumb/v7-m/nofp\libgcc.a(_arm_muldivdf3.o)
                0x00000000080004d8                __aeabi_dmul
                0x00000000080004d8                __muldf3
                0x000000000800072c                __divdf3
                0x000000000800072c                __aeabi_ddiv
 .text          0x00000000080008fc       0x40 c:/program files/stmicroelectronics/stm32cube/stm32cubeide_1.12.1/stm32cubeide/plugins/com.st.stm32cube.ide.mcu.externaltools.gnu-tools-for-stm32.10.3-2021.10.win32_1.0.200.202301161003/tools/bin/../lib/gcc/arm-none-eabi/10.3.1/thumb/v7-m/nofp\libgcc.a(_arm_fixunsdfsi.o)
                0x00000000080008fc                __aeabi_d2uiz
                0x00000000080008fc                __fixunsdfsi
 *(.text*)
 .text.Lcd_Init
                0x000000000800093c       0x30 ./Core/Src/lcd_16x2.o
                0x000000000800093c                Lcd_Init
 .text.Lcd_write_string
                0x000000000800096c       0x3a ./Core/Src/lcd_16x2.o
                0x000000000800096c                Lcd_write_string
 .text.Lcd_clear_display
                0x00000000080009a6        0xe ./Core/Src/lcd_16x2.o
                0x00000000080009a6                Lcd_clear_display
 .text.Lcd_create_custom_char
                0x00000000080009b4       0x52 ./Core/Src/lcd_16x2.o
                0x00000000080009b4                Lcd_create_custom_char
 .text.Lcd_gotoxy
                0x0000000008000a06       0x40 ./Core/Src/lcd_16x2.o
                0x0000000008000a06                Lcd_gotoxy
 .text.Lcd_write_custom_char
                0x0000000008000a46       0x2e ./Core/Src/lcd_16x2.o
                0x0000000008000a46                Lcd_write_custom_char
 .text.Lcd_configure
                0x0000000008000a74      0x140 ./Core/Src/lcd_16x2.o
 .text.lcd_write_command
                0x0000000008000bb4       0x40 ./Core/Src/lcd_16x2.o
 .text.lcd_write_data
                0x0000000008000bf4       0x40 ./Core/Src/lcd_16x2.o
 .text.lcd_write
                0x0000000008000c34       0x94 ./Core/Src/lcd_16x2.o
 .text.__io_putchar
                0x0000000008000cc8       0x24 ./Core/Src/main.o
                0x0000000008000cc8                __io_putchar
 *fill*         0x0000000008000cec        0x4 
 .text.sensor_read
                0x0000000008000cf0       0x7c ./Core/Src/main.o
                0x0000000008000cf0                sensor_read
 .text.Lcd_display
                0x0000000008000d6c       0xb4 ./Core/Src/main.o
                0x0000000008000d6c                Lcd_display
 .text.oled_display
                0x0000000008000e20       0xd0 ./Core/Src/main.o
                0x0000000008000e20                oled_display
 .text.uart_temp_display
                0x0000000008000ef0       0x48 ./Core/Src/main.o
                0x0000000008000ef0                uart_temp_display
 .text.HAL_UART_RxCpltCallback
                0x0000000008000f38      0x1b0 ./Core/Src/main.o
                0x0000000008000f38                HAL_UART_RxCpltCallback
 .text.HAL_GPIO_EXTI_Callback
                0x00000000080010e8       0xcc ./Core/Src/main.o
                0x00000000080010e8                HAL_GPIO_EXTI_Callback
 *fill*         0x00000000080011b4        0x4 
 .text.main     0x00000000080011b8      0x1a0 ./Core/Src/main.o
                0x00000000080011b8                main
 .text.SystemClock_Config
                0x0000000008001358       0xb6 ./Core/Src/main.o
                0x0000000008001358                SystemClock_Config
 *fill*         0x000000000800140e        0x2 
 .text.MX_ADC1_Init
                0x0000000008001410       0x7c ./Core/Src/main.o
 .text.MX_I2C2_Init
                0x000000000800148c       0x5c ./Core/Src/main.o
 .text.MX_USART1_UART_Init
                0x00000000080014e8       0x54 ./Core/Src/main.o
 .text.MX_DMA_Init
                0x000000000800153c       0x3c ./Core/Src/main.o
 .text.MX_GPIO_Init
                0x0000000008001578      0x10c ./Core/Src/main.o
 .text.StartSensorTask
                0x0000000008001684       0x5c ./Core/Src/main.o
                0x0000000008001684                StartSensorTask
 .text.StartUartTask
                0x00000000080016e0       0x58 ./Core/Src/main.o
                0x00000000080016e0                StartUartTask
 .text.StartLCDTask
                0x0000000008001738       0x40 ./Core/Src/main.o
                0x0000000008001738                StartLCDTask
 .text.HAL_TIM_PeriodElapsedCallback
                0x0000000008001778       0x24 ./Core/Src/main.o
                0x0000000008001778                HAL_TIM_PeriodElapsedCallback
 .text.Error_Handler
                0x000000000800179c        0xa ./Core/Src/main.o
                0x000000000800179c                Error_Handler
 *fill*         0x00000000080017a6        0x2 
 .text.ssd1306_WriteCommand
                0x00000000080017a8       0x30 ./Core/Src/ssd1306.o
                0x00000000080017a8                ssd1306_WriteCommand
 .text.ssd1306_WriteData
                0x00000000080017d8       0x34 ./Core/Src/ssd1306.o
                0x00000000080017d8                ssd1306_WriteData
 .text.ssd1306_Init
                0x000000000800180c       0xd0 ./Core/Src/ssd1306.o
                0x000000000800180c                ssd1306_Init
 .text.ssd1306_Fill
                0x00000000080018dc       0x30 ./Core/Src/ssd1306.o
                0x00000000080018dc                ssd1306_Fill
 .text.ssd1306_UpdateScreen
                0x000000000800190c       0x50 ./Core/Src/ssd1306.o
                0x000000000800190c                ssd1306_UpdateScreen
 .text.ssd1306_DrawPixel
                0x000000000800195c       0xa4 ./Core/Src/ssd1306.o
                0x000000000800195c                ssd1306_DrawPixel
 .text.ssd1306_WriteChar
                0x0000000008001a00      0x110 ./Core/Src/ssd1306.o
                0x0000000008001a00                ssd1306_WriteChar
 .text.ssd1306_WriteString
                0x0000000008001b10       0x4c ./Core/Src/ssd1306.o
                0x0000000008001b10                ssd1306_WriteString
 .text.ssd1306_SetCursor
                0x0000000008001b5c       0x30 ./Core/Src/ssd1306.o
                0x0000000008001b5c                ssd1306_SetCursor
 .text.ssd1306_SetContrast
                0x0000000008001b8c       0x26 ./Core/Src/ssd1306.o
                0x0000000008001b8c                ssd1306_SetContrast
 *fill*         0x0000000008001bb2        0x2 
 .text.ssd1306_SetDisplayOn
                0x0000000008001bb4       0x3c ./Core/Src/ssd1306.o
                0x0000000008001bb4                ssd1306_SetDisplayOn
 .text.HAL_MspInit
                0x0000000008001bf0       0x70 ./Core/Src/stm32f1xx_hal_msp.o
                0x0000000008001bf0                HAL_MspInit
 .text.HAL_ADC_MspInit
                0x0000000008001c60       0xd0 ./Core/Src/stm32f1xx_hal_msp.o
                0x0000000008001c60                HAL_ADC_MspInit
 .text.HAL_I2C_MspInit
                0x0000000008001d30       0x80 ./Core/Src/stm32f1xx_hal_msp.o
                0x0000000008001d30                HAL_I2C_MspInit
 .text.HAL_UART_MspInit
                0x0000000008001db0       0xa8 ./Core/Src/stm32f1xx_hal_msp.o
                0x0000000008001db0                HAL_UART_MspInit
 .text.HAL_InitTick
                0x0000000008001e58       0xe4 ./Core/Src/stm32f1xx_hal_timebase_tim.o
                0x0000000008001e58                HAL_InitTick
 .text.NMI_Handler
                0x0000000008001f3c        0x6 ./Core/Src/stm32f1xx_it.o
                0x0000000008001f3c                NMI_Handler
 .text.HardFault_Handler
                0x0000000008001f42        0x6 ./Core/Src/stm32f1xx_it.o
                0x0000000008001f42                HardFault_Handler
 .text.MemManage_Handler
                0x0000000008001f48        0x6 ./Core/Src/stm32f1xx_it.o
                0x0000000008001f48                MemManage_Handler
 .text.BusFault_Handler
                0x0000000008001f4e        0x6 ./Core/Src/stm32f1xx_it.o
                0x0000000008001f4e                BusFault_Handler
 .text.UsageFault_Handler
                0x0000000008001f54        0x6 ./Core/Src/stm32f1xx_it.o
                0x0000000008001f54                UsageFault_Handler
 .text.DebugMon_Handler
                0x0000000008001f5a        0xc ./Core/Src/stm32f1xx_it.o
                0x0000000008001f5a                DebugMon_Handler
 *fill*         0x0000000008001f66        0x2 
 .text.DMA1_Channel1_IRQHandler
                0x0000000008001f68       0x14 ./Core/Src/stm32f1xx_it.o
                0x0000000008001f68                DMA1_Channel1_IRQHandler
 .text.TIM1_UP_IRQHandler
                0x0000000008001f7c       0x14 ./Core/Src/stm32f1xx_it.o
                0x0000000008001f7c                TIM1_UP_IRQHandler
 .text.USART1_IRQHandler
                0x0000000008001f90       0x14 ./Core/Src/stm32f1xx_it.o
                0x0000000008001f90                USART1_IRQHandler
 .text.EXTI15_10_IRQHandler
                0x0000000008001fa4       0x10 ./Core/Src/stm32f1xx_it.o
                0x0000000008001fa4                EXTI15_10_IRQHandler
 .text._read    0x0000000008001fb4       0x3a ./Core/Src/syscalls.o
                0x0000000008001fb4                _read
 .text._write   0x0000000008001fee       0x38 ./Core/Src/syscalls.o
                0x0000000008001fee                _write
 .text._close   0x0000000008002026       0x16 ./Core/Src/syscalls.o
                0x0000000008002026                _close
 .text._fstat   0x000000000800203c       0x1e ./Core/Src/syscalls.o
                0x000000000800203c                _fstat
 .text._isatty  0x000000000800205a       0x14 ./Core/Src/syscalls.o
                0x000000000800205a                _isatty
 .text._lseek   0x000000000800206e       0x18 ./Core/Src/syscalls.o
                0x000000000800206e                _lseek
 *fill*         0x0000000008002086        0x2 
 .text._sbrk    0x0000000008002088       0x6c ./Core/Src/sysmem.o
                0x0000000008002088                _sbrk
 .text.SystemInit
                0x00000000080020f4        0xc ./Core/Src/system_stm32f1xx.o
                0x00000000080020f4                SystemInit
 .text.Reset_Handler
                0x0000000008002100       0x48 ./Core/Startup/startup_stm32f103c8tx.o
                0x0000000008002100                Reset_Handler
 .text.Default_Handler
                0x0000000008002148        0x2 ./Core/Startup/startup_stm32f103c8tx.o
                0x0000000008002148                RTC_Alarm_IRQHandler
                0x0000000008002148                EXTI2_IRQHandler
                0x0000000008002148                TIM1_CC_IRQHandler
                0x0000000008002148                PVD_IRQHandler
                0x0000000008002148                EXTI3_IRQHandler
                0x0000000008002148                EXTI0_IRQHandler
                0x0000000008002148                I2C2_EV_IRQHandler
                0x0000000008002148                ADC1_2_IRQHandler
                0x0000000008002148                SPI1_IRQHandler
                0x0000000008002148                TAMPER_IRQHandler
                0x0000000008002148                DMA1_Channel4_IRQHandler
                0x0000000008002148                USART3_IRQHandler
                0x0000000008002148                RTC_IRQHandler
                0x0000000008002148                DMA1_Channel7_IRQHandler
                0x0000000008002148                CAN1_RX1_IRQHandler
                0x0000000008002148                TIM4_IRQHandler
                0x0000000008002148                I2C1_EV_IRQHandler
                0x0000000008002148                DMA1_Channel6_IRQHandler
                0x0000000008002148                TIM3_IRQHandler
                0x0000000008002148                RCC_IRQHandler
                0x0000000008002148                TIM1_TRG_COM_IRQHandler
                0x0000000008002148                Default_Handler
                0x0000000008002148                EXTI9_5_IRQHandler
                0x0000000008002148                SPI2_IRQHandler
                0x0000000008002148                DMA1_Channel5_IRQHandler
                0x0000000008002148                EXTI4_IRQHandler
                0x0000000008002148                USB_LP_CAN1_RX0_IRQHandler
                0x0000000008002148                USB_HP_CAN1_TX_IRQHandler
                0x0000000008002148                DMA1_Channel3_IRQHandler
                0x0000000008002148                WWDG_IRQHandler
                0x0000000008002148                TIM2_IRQHandler
                0x0000000008002148                TIM1_BRK_IRQHandler
                0x0000000008002148                EXTI1_IRQHandler
                0x0000000008002148                USART2_IRQHandler
                0x0000000008002148                I2C2_ER_IRQHandler
                0x0000000008002148                DMA1_Channel2_IRQHandler
                0x0000000008002148                CAN1_SCE_IRQHandler
                0x0000000008002148                FLASH_IRQHandler
                0x0000000008002148                I2C1_ER_IRQHandler
                0x0000000008002148                USBWakeUp_IRQHandler
 *fill*         0x000000000800214a        0x2 
 .text.HAL_Init
                0x000000000800214c       0x2c ./Drivers/STM32F1xx_HAL_Driver/Src/stm32f1xx_hal.o
                0x000000000800214c                HAL_Init
 .text.HAL_IncTick
                0x0000000008002178       0x24 ./Drivers/STM32F1xx_HAL_Driver/Src/stm32f1xx_hal.o
                0x0000000008002178                HAL_IncTick
 .text.HAL_GetTick
                0x000000000800219c       0x14 ./Drivers/STM32F1xx_HAL_Driver/Src/stm32f1xx_hal.o
                0x000000000800219c                HAL_GetTick
 .text.HAL_Delay
                0x00000000080021b0       0x48 ./Drivers/STM32F1xx_HAL_Driver/Src/stm32f1xx_hal.o
                0x00000000080021b0                HAL_Delay
 .text.HAL_ADC_Init
                0x00000000080021f8      0x1b0 ./Drivers/STM32F1xx_HAL_Driver/Src/stm32f1xx_hal_adc.o
                0x00000000080021f8                HAL_ADC_Init
 .text.HAL_ADC_Start_DMA
                0x00000000080023a8      0x1bc ./Drivers/STM32F1xx_HAL_Driver/Src/stm32f1xx_hal_adc.o
                0x00000000080023a8                HAL_ADC_Start_DMA
 .text.HAL_ADC_ConvCpltCallback
                0x0000000008002564       0x12 ./Drivers/STM32F1xx_HAL_Driver/Src/stm32f1xx_hal_adc.o
                0x0000000008002564                HAL_ADC_ConvCpltCallback
 .text.HAL_ADC_ConvHalfCpltCallback
                0x0000000008002576       0x12 ./Drivers/STM32F1xx_HAL_Driver/Src/stm32f1xx_hal_adc.o
                0x0000000008002576                HAL_ADC_ConvHalfCpltCallback
 .text.HAL_ADC_ErrorCallback
                0x0000000008002588       0x12 ./Drivers/STM32F1xx_HAL_Driver/Src/stm32f1xx_hal_adc.o
                0x0000000008002588                HAL_ADC_ErrorCallback
 *fill*         0x000000000800259a        0x2 
 .text.HAL_ADC_ConfigChannel
                0x000000000800259c      0x1f0 ./Drivers/STM32F1xx_HAL_Driver/Src/stm32f1xx_hal_adc.o
                0x000000000800259c                HAL_ADC_ConfigChannel
 .text.ADC_Enable
                0x000000000800278c       0xb4 ./Drivers/STM32F1xx_HAL_Driver/Src/stm32f1xx_hal_adc.o
                0x000000000800278c                ADC_Enable
 .text.ADC_ConversionStop_Disable
                0x0000000008002840       0x82 ./Drivers/STM32F1xx_HAL_Driver/Src/stm32f1xx_hal_adc.o
                0x0000000008002840                ADC_ConversionStop_Disable
 .text.ADC_DMAConvCplt
                0x00000000080028c2       0x7c ./Drivers/STM32F1xx_HAL_Driver/Src/stm32f1xx_hal_adc.o
                0x00000000080028c2                ADC_DMAConvCplt
 .text.ADC_DMAHalfConvCplt
                0x000000000800293e       0x1c ./Drivers/STM32F1xx_HAL_Driver/Src/stm32f1xx_hal_adc.o
                0x000000000800293e                ADC_DMAHalfConvCplt
 .text.ADC_DMAError
                0x000000000800295a       0x34 ./Drivers/STM32F1xx_HAL_Driver/Src/stm32f1xx_hal_adc.o
                0x000000000800295a                ADC_DMAError
 *fill*         0x000000000800298e        0x2 
 .text.__NVIC_SetPriorityGrouping
                0x0000000008002990       0x48 ./Drivers/STM32F1xx_HAL_Driver/Src/stm32f1xx_hal_cortex.o
 .text.__NVIC_GetPriorityGrouping
                0x00000000080029d8       0x1c ./Drivers/STM32F1xx_HAL_Driver/Src/stm32f1xx_hal_cortex.o
 .text.__NVIC_EnableIRQ
                0x00000000080029f4       0x38 ./Drivers/STM32F1xx_HAL_Driver/Src/stm32f1xx_hal_cortex.o
 .text.__NVIC_SetPriority
                0x0000000008002a2c       0x54 ./Drivers/STM32F1xx_HAL_Driver/Src/stm32f1xx_hal_cortex.o
 .text.NVIC_EncodePriority
                0x0000000008002a80       0x64 ./Drivers/STM32F1xx_HAL_Driver/Src/stm32f1xx_hal_cortex.o
 .text.HAL_NVIC_SetPriorityGrouping
                0x0000000008002ae4       0x16 ./Drivers/STM32F1xx_HAL_Driver/Src/stm32f1xx_hal_cortex.o
                0x0000000008002ae4                HAL_NVIC_SetPriorityGrouping
 .text.HAL_NVIC_SetPriority
                0x0000000008002afa       0x38 ./Drivers/STM32F1xx_HAL_Driver/Src/stm32f1xx_hal_cortex.o
                0x0000000008002afa                HAL_NVIC_SetPriority
 .text.HAL_NVIC_EnableIRQ
                0x0000000008002b32       0x1c ./Drivers/STM32F1xx_HAL_Driver/Src/stm32f1xx_hal_cortex.o
                0x0000000008002b32                HAL_NVIC_EnableIRQ
 *fill*         0x0000000008002b4e        0x2 
 .text.HAL_DMA_Init
                0x0000000008002b50       0xb4 ./Drivers/STM32F1xx_HAL_Driver/Src/stm32f1xx_hal_dma.o
                0x0000000008002b50                HAL_DMA_Init
 .text.HAL_DMA_Start_IT
                0x0000000008002c04       0xc0 ./Drivers/STM32F1xx_HAL_Driver/Src/stm32f1xx_hal_dma.o
                0x0000000008002c04                HAL_DMA_Start_IT
 .text.HAL_DMA_Abort
                0x0000000008002cc4       0x76 ./Drivers/STM32F1xx_HAL_Driver/Src/stm32f1xx_hal_dma.o
                0x0000000008002cc4                HAL_DMA_Abort
 *fill*         0x0000000008002d3a        0x2 
 .text.HAL_DMA_Abort_IT
                0x0000000008002d3c       0xf0 ./Drivers/STM32F1xx_HAL_Driver/Src/stm32f1xx_hal_dma.o
                0x0000000008002d3c                HAL_DMA_Abort_IT
 .text.HAL_DMA_IRQHandler
                0x0000000008002e2c      0x20c ./Drivers/STM32F1xx_HAL_Driver/Src/stm32f1xx_hal_dma.o
                0x0000000008002e2c                HAL_DMA_IRQHandler
 .text.DMA_SetConfig
                0x0000000008003038       0x5a ./Drivers/STM32F1xx_HAL_Driver/Src/stm32f1xx_hal_dma.o
 *fill*         0x0000000008003092        0x2 
 .text.HAL_GPIO_Init
                0x0000000008003094      0x308 ./Drivers/STM32F1xx_HAL_Driver/Src/stm32f1xx_hal_gpio.o
                0x0000000008003094                HAL_GPIO_Init
 .text.HAL_GPIO_WritePin
                0x000000000800339c       0x30 ./Drivers/STM32F1xx_HAL_Driver/Src/stm32f1xx_hal_gpio.o
                0x000000000800339c                HAL_GPIO_WritePin
 .text.HAL_GPIO_TogglePin
                0x00000000080033cc       0x32 ./Drivers/STM32F1xx_HAL_Driver/Src/stm32f1xx_hal_gpio.o
                0x00000000080033cc                HAL_GPIO_TogglePin
 *fill*         0x00000000080033fe        0x2 
 .text.HAL_GPIO_EXTI_IRQHandler
                0x0000000008003400       0x30 ./Drivers/STM32F1xx_HAL_Driver/Src/stm32f1xx_hal_gpio.o
                0x0000000008003400                HAL_GPIO_EXTI_IRQHandler
 .text.HAL_I2C_Init
                0x0000000008003430      0x288 ./Drivers/STM32F1xx_HAL_Driver/Src/stm32f1xx_hal_i2c.o
                0x0000000008003430                HAL_I2C_Init
 .text.HAL_I2C_Mem_Write
                0x00000000080036b8      0x1f4 ./Drivers/STM32F1xx_HAL_Driver/Src/stm32f1xx_hal_i2c.o
                0x00000000080036b8                HAL_I2C_Mem_Write
 .text.I2C_RequestMemoryWrite
                0x00000000080038ac      0x12c ./Drivers/STM32F1xx_HAL_Driver/Src/stm32f1xx_hal_i2c.o
 .text.I2C_WaitOnFlagUntilTimeout
                0x00000000080039d8       0xf4 ./Drivers/STM32F1xx_HAL_Driver/Src/stm32f1xx_hal_i2c.o
 .text.I2C_WaitOnMasterAddressFlagUntilTimeout
                0x0000000008003acc      0x140 ./Drivers/STM32F1xx_HAL_Driver/Src/stm32f1xx_hal_i2c.o
 .text.I2C_WaitOnTXEFlagUntilTimeout
                0x0000000008003c0c       0x90 ./Drivers/STM32F1xx_HAL_Driver/Src/stm32f1xx_hal_i2c.o
 .text.I2C_WaitOnBTFFlagUntilTimeout
                0x0000000008003c9c       0x90 ./Drivers/STM32F1xx_HAL_Driver/Src/stm32f1xx_hal_i2c.o
 .text.I2C_IsAcknowledgeFailed
                0x0000000008003d2c       0x5c ./Drivers/STM32F1xx_HAL_Driver/Src/stm32f1xx_hal_i2c.o
 .text.HAL_RCC_OscConfig
                0x0000000008003d88      0x504 ./Drivers/STM32F1xx_HAL_Driver/Src/stm32f1xx_hal_rcc.o
                0x0000000008003d88                HAL_RCC_OscConfig
 .text.HAL_RCC_ClockConfig
                0x000000000800428c      0x1d4 ./Drivers/STM32F1xx_HAL_Driver/Src/stm32f1xx_hal_rcc.o
                0x000000000800428c                HAL_RCC_ClockConfig
 .text.HAL_RCC_GetSysClockFreq
                0x0000000008004460       0xa8 ./Drivers/STM32F1xx_HAL_Driver/Src/stm32f1xx_hal_rcc.o
                0x0000000008004460                HAL_RCC_GetSysClockFreq
 .text.HAL_RCC_GetHCLKFreq
                0x0000000008004508       0x14 ./Drivers/STM32F1xx_HAL_Driver/Src/stm32f1xx_hal_rcc.o
                0x0000000008004508                HAL_RCC_GetHCLKFreq
 .text.HAL_RCC_GetPCLK1Freq
                0x000000000800451c       0x28 ./Drivers/STM32F1xx_HAL_Driver/Src/stm32f1xx_hal_rcc.o
                0x000000000800451c                HAL_RCC_GetPCLK1Freq
 .text.HAL_RCC_GetPCLK2Freq
                0x0000000008004544       0x28 ./Drivers/STM32F1xx_HAL_Driver/Src/stm32f1xx_hal_rcc.o
                0x0000000008004544                HAL_RCC_GetPCLK2Freq
 .text.HAL_RCC_GetClockConfig
                0x000000000800456c       0x60 ./Drivers/STM32F1xx_HAL_Driver/Src/stm32f1xx_hal_rcc.o
                0x000000000800456c                HAL_RCC_GetClockConfig
 .text.RCC_Delay
                0x00000000080045cc       0x3c ./Drivers/STM32F1xx_HAL_Driver/Src/stm32f1xx_hal_rcc.o
 .text.HAL_RCCEx_PeriphCLKConfig
                0x0000000008004608      0x16c ./Drivers/STM32F1xx_HAL_Driver/Src/stm32f1xx_hal_rcc_ex.o
                0x0000000008004608                HAL_RCCEx_PeriphCLKConfig
 .text.HAL_TIM_Base_Init
                0x0000000008004774       0x9e ./Drivers/STM32F1xx_HAL_Driver/Src/stm32f1xx_hal_tim.o
                0x0000000008004774                HAL_TIM_Base_Init
 .text.HAL_TIM_Base_MspInit
                0x0000000008004812       0x12 ./Drivers/STM32F1xx_HAL_Driver/Src/stm32f1xx_hal_tim.o
                0x0000000008004812                HAL_TIM_Base_MspInit
 .text.HAL_TIM_Base_Start_IT
                0x0000000008004824       0xa4 ./Drivers/STM32F1xx_HAL_Driver/Src/stm32f1xx_hal_tim.o
                0x0000000008004824                HAL_TIM_Base_Start_IT
 .text.HAL_TIM_IRQHandler
                0x00000000080048c8      0x210 ./Drivers/STM32F1xx_HAL_Driver/Src/stm32f1xx_hal_tim.o
                0x00000000080048c8                HAL_TIM_IRQHandler
 .text.HAL_TIM_OC_DelayElapsedCallback
                0x0000000008004ad8       0x12 ./Drivers/STM32F1xx_HAL_Driver/Src/stm32f1xx_hal_tim.o
                0x0000000008004ad8                HAL_TIM_OC_DelayElapsedCallback
 .text.HAL_TIM_IC_CaptureCallback
                0x0000000008004aea       0x12 ./Drivers/STM32F1xx_HAL_Driver/Src/stm32f1xx_hal_tim.o
                0x0000000008004aea                HAL_TIM_IC_CaptureCallback
 .text.HAL_TIM_PWM_PulseFinishedCallback
                0x0000000008004afc       0x12 ./Drivers/STM32F1xx_HAL_Driver/Src/stm32f1xx_hal_tim.o
                0x0000000008004afc                HAL_TIM_PWM_PulseFinishedCallback
 .text.HAL_TIM_TriggerCallback
                0x0000000008004b0e       0x12 ./Drivers/STM32F1xx_HAL_Driver/Src/stm32f1xx_hal_tim.o
                0x0000000008004b0e                HAL_TIM_TriggerCallback
 .text.TIM_Base_SetConfig
                0x0000000008004b20       0xc4 ./Drivers/STM32F1xx_HAL_Driver/Src/stm32f1xx_hal_tim.o
                0x0000000008004b20                TIM_Base_SetConfig
 .text.HAL_TIMEx_CommutCallback
                0x0000000008004be4       0x12 ./Drivers/STM32F1xx_HAL_Driver/Src/stm32f1xx_hal_tim_ex.o
                0x0000000008004be4                HAL_TIMEx_CommutCallback
 .text.HAL_TIMEx_BreakCallback
                0x0000000008004bf6       0x12 ./Drivers/STM32F1xx_HAL_Driver/Src/stm32f1xx_hal_tim_ex.o
                0x0000000008004bf6                HAL_TIMEx_BreakCallback
 .text.HAL_UART_Init
                0x0000000008004c08       0xa0 ./Drivers/STM32F1xx_HAL_Driver/Src/stm32f1xx_hal_uart.o
                0x0000000008004c08                HAL_UART_Init
 .text.HAL_UART_Transmit
                0x0000000008004ca8      0x106 ./Drivers/STM32F1xx_HAL_Driver/Src/stm32f1xx_hal_uart.o
                0x0000000008004ca8                HAL_UART_Transmit
 .text.HAL_UART_Receive_IT
                0x0000000008004dae       0x4a ./Drivers/STM32F1xx_HAL_Driver/Src/stm32f1xx_hal_uart.o
                0x0000000008004dae                HAL_UART_Receive_IT
 .text.HAL_UART_IRQHandler
                0x0000000008004df8      0x524 ./Drivers/STM32F1xx_HAL_Driver/Src/stm32f1xx_hal_uart.o
                0x0000000008004df8                HAL_UART_IRQHandler
 .text.HAL_UART_TxCpltCallback
                0x000000000800531c       0x12 ./Drivers/STM32F1xx_HAL_Driver/Src/stm32f1xx_hal_uart.o
                0x000000000800531c                HAL_UART_TxCpltCallback
 .text.HAL_UART_ErrorCallback
                0x000000000800532e       0x12 ./Drivers/STM32F1xx_HAL_Driver/Src/stm32f1xx_hal_uart.o
                0x000000000800532e                HAL_UART_ErrorCallback
 .text.HAL_UARTEx_RxEventCallback
                0x0000000008005340       0x16 ./Drivers/STM32F1xx_HAL_Driver/Src/stm32f1xx_hal_uart.o
                0x0000000008005340                HAL_UARTEx_RxEventCallback
 .text.UART_WaitOnFlagUntilTimeout
                0x0000000008005356       0xdc ./Drivers/STM32F1xx_HAL_Driver/Src/stm32f1xx_hal_uart.o
 .text.UART_Start_Receive_IT
                0x0000000008005432       0x72 ./Drivers/STM32F1xx_HAL_Driver/Src/stm32f1xx_hal_uart.o
                0x0000000008005432                UART_Start_Receive_IT
 .text.UART_EndRxTransfer
                0x00000000080054a4       0xc4 ./Drivers/STM32F1xx_HAL_Driver/Src/stm32f1xx_hal_uart.o
 .text.UART_DMAAbortOnError
                0x0000000008005568       0x28 ./Drivers/STM32F1xx_HAL_Driver/Src/stm32f1xx_hal_uart.o
 .text.UART_Transmit_IT
                0x0000000008005590       0x9e ./Drivers/STM32F1xx_HAL_Driver/Src/stm32f1xx_hal_uart.o
 .text.UART_EndTransmit_IT
                0x000000000800562e       0x30 ./Drivers/STM32F1xx_HAL_Driver/Src/stm32f1xx_hal_uart.o
 .text.UART_Receive_IT
                0x000000000800565e      0x17c ./Drivers/STM32F1xx_HAL_Driver/Src/stm32f1xx_hal_uart.o
 *fill*         0x00000000080057da        0x2 
 .text.UART_SetConfig
                0x00000000080057dc      0x11c ./Drivers/STM32F1xx_HAL_Driver/Src/stm32f1xx_hal_uart.o
 .text.osKernelInitialize
                0x00000000080058f8       0x64 ./Middlewares/Third_Party/FreeRTOS/Source/CMSIS_RTOS_V2/cmsis_os2.o
                0x00000000080058f8                osKernelInitialize
 .text.osKernelStart
                0x000000000800595c       0x68 ./Middlewares/Third_Party/FreeRTOS/Source/CMSIS_RTOS_V2/cmsis_os2.o
                0x000000000800595c                osKernelStart
 .text.osThreadNew
                0x00000000080059c4      0x154 ./Middlewares/Third_Party/FreeRTOS/Source/CMSIS_RTOS_V2/cmsis_os2.o
                0x00000000080059c4                osThreadNew
 .text.osDelay  0x0000000008005b18       0x5c ./Middlewares/Third_Party/FreeRTOS/Source/CMSIS_RTOS_V2/cmsis_os2.o
                0x0000000008005b18                osDelay
 .text.osMutexNew
                0x0000000008005b74      0x134 ./Middlewares/Third_Party/FreeRTOS/Source/CMSIS_RTOS_V2/cmsis_os2.o
                0x0000000008005b74                osMutexNew
 .text.osMutexAcquire
                0x0000000008005ca8       0xbc ./Middlewares/Third_Party/FreeRTOS/Source/CMSIS_RTOS_V2/cmsis_os2.o
                0x0000000008005ca8                osMutexAcquire
 .text.osMutexRelease
                0x0000000008005d64       0xa0 ./Middlewares/Third_Party/FreeRTOS/Source/CMSIS_RTOS_V2/cmsis_os2.o
                0x0000000008005d64                osMutexRelease
 .text.vApplicationGetIdleTaskMemory
                0x0000000008005e04       0x30 ./Middlewares/Third_Party/FreeRTOS/Source/CMSIS_RTOS_V2/cmsis_os2.o
                0x0000000008005e04                vApplicationGetIdleTaskMemory
 .text.vApplicationGetTimerTaskMemory
                0x0000000008005e34       0x34 ./Middlewares/Third_Party/FreeRTOS/Source/CMSIS_RTOS_V2/cmsis_os2.o
                0x0000000008005e34                vApplicationGetTimerTaskMemory
 .text.vListInitialise
                0x0000000008005e68       0x3e ./Middlewares/Third_Party/FreeRTOS/Source/list.o
                0x0000000008005e68                vListInitialise
 .text.vListInitialiseItem
                0x0000000008005ea6       0x18 ./Middlewares/Third_Party/FreeRTOS/Source/list.o
                0x0000000008005ea6                vListInitialiseItem
 .text.vListInsertEnd
                0x0000000008005ebe       0x46 ./Middlewares/Third_Party/FreeRTOS/Source/list.o
                0x0000000008005ebe                vListInsertEnd
 .text.vListInsert
                0x0000000008005f04       0x70 ./Middlewares/Third_Party/FreeRTOS/Source/list.o
                0x0000000008005f04                vListInsert
 .text.uxListRemove
                0x0000000008005f74       0x52 ./Middlewares/Third_Party/FreeRTOS/Source/list.o
                0x0000000008005f74                uxListRemove
 *fill*         0x0000000008005fc6        0x2 
 .text.xQueueGenericReset
                0x0000000008005fc8       0xd0 ./Middlewares/Third_Party/FreeRTOS/Source/queue.o
                0x0000000008005fc8                xQueueGenericReset
 .text.xQueueGenericCreateStatic
                0x0000000008006098       0xee ./Middlewares/Third_Party/FreeRTOS/Source/queue.o
                0x0000000008006098                xQueueGenericCreateStatic
 .text.xQueueGenericCreate
                0x0000000008006186       0x7c ./Middlewares/Third_Party/FreeRTOS/Source/queue.o
                0x0000000008006186                xQueueGenericCreate
 .text.prvInitialiseNewQueue
                0x0000000008006202       0x46 ./Middlewares/Third_Party/FreeRTOS/Source/queue.o
 .text.prvInitialiseMutex
                0x0000000008006248       0x34 ./Middlewares/Third_Party/FreeRTOS/Source/queue.o
 .text.xQueueCreateMutex
                0x000000000800627c       0x30 ./Middlewares/Third_Party/FreeRTOS/Source/queue.o
                0x000000000800627c                xQueueCreateMutex
 .text.xQueueCreateMutexStatic
                0x00000000080062ac       0x36 ./Middlewares/Third_Party/FreeRTOS/Source/queue.o
                0x00000000080062ac                xQueueCreateMutexStatic
 .text.xQueueGiveMutexRecursive
                0x00000000080062e2       0x68 ./Middlewares/Third_Party/FreeRTOS/Source/queue.o
                0x00000000080062e2                xQueueGiveMutexRecursive
 .text.xQueueTakeMutexRecursive
                0x000000000800634a       0x6c ./Middlewares/Third_Party/FreeRTOS/Source/queue.o
                0x000000000800634a                xQueueTakeMutexRecursive
 *fill*         0x00000000080063b6        0x2 
 .text.xQueueGenericSend
                0x00000000080063b8      0x1fc ./Middlewares/Third_Party/FreeRTOS/Source/queue.o
                0x00000000080063b8                xQueueGenericSend
 .text.xQueueGenericSendFromISR
                0x00000000080065b4      0x130 ./Middlewares/Third_Party/FreeRTOS/Source/queue.o
                0x00000000080065b4                xQueueGenericSendFromISR
 .text.xQueueReceive
                0x00000000080066e4      0x1c0 ./Middlewares/Third_Party/FreeRTOS/Source/queue.o
                0x00000000080066e4                xQueueReceive
 .text.xQueueSemaphoreTake
                0x00000000080068a4      0x218 ./Middlewares/Third_Party/FreeRTOS/Source/queue.o
                0x00000000080068a4                xQueueSemaphoreTake
 .text.prvGetDisinheritPriorityAfterTimeout
                0x0000000008006abc       0x2e ./Middlewares/Third_Party/FreeRTOS/Source/queue.o
 .text.prvCopyDataToQueue
                0x0000000008006aea       0xd4 ./Middlewares/Third_Party/FreeRTOS/Source/queue.o
 .text.prvCopyDataFromQueue
                0x0000000008006bbe       0x4c ./Middlewares/Third_Party/FreeRTOS/Source/queue.o
 .text.prvUnlockQueue
                0x0000000008006c0a       0xa4 ./Middlewares/Third_Party/FreeRTOS/Source/queue.o
 .text.prvIsQueueEmpty
                0x0000000008006cae       0x2c ./Middlewares/Third_Party/FreeRTOS/Source/queue.o
 .text.prvIsQueueFull
                0x0000000008006cda       0x30 ./Middlewares/Third_Party/FreeRTOS/Source/queue.o
 *fill*         0x0000000008006d0a        0x2 
 .text.vQueueAddToRegistry
                0x0000000008006d0c       0x50 ./Middlewares/Third_Party/FreeRTOS/Source/queue.o
                0x0000000008006d0c                vQueueAddToRegistry
 .text.vQueueWaitForMessageRestricted
                0x0000000008006d5c       0x68 ./Middlewares/Third_Party/FreeRTOS/Source/queue.o
                0x0000000008006d5c                vQueueWaitForMessageRestricted
 .text.xTaskCreateStatic
                0x0000000008006dc4       0xb8 ./Middlewares/Third_Party/FreeRTOS/Source/tasks.o
                0x0000000008006dc4                xTaskCreateStatic
 .text.xTaskCreate
                0x0000000008006e7c       0x8a ./Middlewares/Third_Party/FreeRTOS/Source/tasks.o
                0x0000000008006e7c                xTaskCreate
 .text.prvInitialiseNewTask
                0x0000000008006f06      0x10e ./Middlewares/Third_Party/FreeRTOS/Source/tasks.o
 .text.prvAddNewTaskToReadyList
                0x0000000008007014       0xe0 ./Middlewares/Third_Party/FreeRTOS/Source/tasks.o
 .text.vTaskDelay
                0x00000000080070f4       0x68 ./Middlewares/Third_Party/FreeRTOS/Source/tasks.o
                0x00000000080070f4                vTaskDelay
 .text.vTaskStartScheduler
                0x000000000800715c       0xcc ./Middlewares/Third_Party/FreeRTOS/Source/tasks.o
                0x000000000800715c                vTaskStartScheduler
 .text.vTaskSuspendAll
                0x0000000008007228       0x1c ./Middlewares/Third_Party/FreeRTOS/Source/tasks.o
                0x0000000008007228                vTaskSuspendAll
 .text.xTaskResumeAll
                0x0000000008007244      0x13c ./Middlewares/Third_Party/FreeRTOS/Source/tasks.o
                0x0000000008007244                xTaskResumeAll
 .text.xTaskGetTickCount
                0x0000000008007380       0x1c ./Middlewares/Third_Party/FreeRTOS/Source/tasks.o
                0x0000000008007380                xTaskGetTickCount
 .text.xTaskIncrementTick
                0x000000000800739c      0x17c ./Middlewares/Third_Party/FreeRTOS/Source/tasks.o
                0x000000000800739c                xTaskIncrementTick
 .text.vTaskSwitchContext
                0x0000000008007518       0xb8 ./Middlewares/Third_Party/FreeRTOS/Source/tasks.o
                0x0000000008007518                vTaskSwitchContext
 .text.vTaskPlaceOnEventList
                0x00000000080075d0       0x48 ./Middlewares/Third_Party/FreeRTOS/Source/tasks.o
                0x00000000080075d0                vTaskPlaceOnEventList
 .text.vTaskPlaceOnEventListRestricted
                0x0000000008007618       0x58 ./Middlewares/Third_Party/FreeRTOS/Source/tasks.o
                0x0000000008007618                vTaskPlaceOnEventListRestricted
 .text.xTaskRemoveFromEventList
                0x0000000008007670       0xc8 ./Middlewares/Third_Party/FreeRTOS/Source/tasks.o
                0x0000000008007670                xTaskRemoveFromEventList
 .text.vTaskInternalSetTimeOutState
                0x0000000008007738       0x2c ./Middlewares/Third_Party/FreeRTOS/Source/tasks.o
                0x0000000008007738                vTaskInternalSetTimeOutState
 .text.xTaskCheckForTimeOut
                0x0000000008007764       0xc4 ./Middlewares/Third_Party/FreeRTOS/Source/tasks.o
                0x0000000008007764                xTaskCheckForTimeOut
 .text.vTaskMissedYield
                0x0000000008007828       0x18 ./Middlewares/Third_Party/FreeRTOS/Source/tasks.o
                0x0000000008007828                vTaskMissedYield
 .text.prvIdleTask
                0x0000000008007840       0x30 ./Middlewares/Third_Party/FreeRTOS/Source/tasks.o
 .text.prvInitialiseTaskLists
                0x0000000008007870       0x80 ./Middlewares/Third_Party/FreeRTOS/Source/tasks.o
 .text.prvCheckTasksWaitingTermination
                0x00000000080078f0       0x5c ./Middlewares/Third_Party/FreeRTOS/Source/tasks.o
 .text.prvDeleteTCB
                0x000000000800794c       0x5e ./Middlewares/Third_Party/FreeRTOS/Source/tasks.o
 *fill*         0x00000000080079aa        0x2 
 .text.prvResetNextTaskUnblockTime
                0x00000000080079ac       0x48 ./Middlewares/Third_Party/FreeRTOS/Source/tasks.o
 .text.xTaskGetCurrentTaskHandle
                0x00000000080079f4       0x1c ./Middlewares/Third_Party/FreeRTOS/Source/tasks.o
                0x00000000080079f4                xTaskGetCurrentTaskHandle
 .text.xTaskGetSchedulerState
                0x0000000008007a10       0x3c ./Middlewares/Third_Party/FreeRTOS/Source/tasks.o
                0x0000000008007a10                xTaskGetSchedulerState
 .text.xTaskPriorityInherit
                0x0000000008007a4c       0xdc ./Middlewares/Third_Party/FreeRTOS/Source/tasks.o
                0x0000000008007a4c                xTaskPriorityInherit
 .text.xTaskPriorityDisinherit
                0x0000000008007b28       0xdc ./Middlewares/Third_Party/FreeRTOS/Source/tasks.o
                0x0000000008007b28                xTaskPriorityDisinherit
 .text.vTaskPriorityDisinheritAfterTimeout
                0x0000000008007c04      0x10c ./Middlewares/Third_Party/FreeRTOS/Source/tasks.o
                0x0000000008007c04                vTaskPriorityDisinheritAfterTimeout
 .text.pvTaskIncrementMutexHeldCount
                0x0000000008007d10       0x28 ./Middlewares/Third_Party/FreeRTOS/Source/tasks.o
                0x0000000008007d10                pvTaskIncrementMutexHeldCount
 .text.prvAddCurrentTaskToDelayedList
                0x0000000008007d38       0xa8 ./Middlewares/Third_Party/FreeRTOS/Source/tasks.o
 .text.xTimerCreateTimerTask
                0x0000000008007de0       0x90 ./Middlewares/Third_Party/FreeRTOS/Source/timers.o
                0x0000000008007de0                xTimerCreateTimerTask
 .text.xTimerGenericCommand
                0x0000000008007e70       0x9c ./Middlewares/Third_Party/FreeRTOS/Source/timers.o
                0x0000000008007e70                xTimerGenericCommand
 .text.prvProcessExpiredTimer
                0x0000000008007f0c       0x80 ./Middlewares/Third_Party/FreeRTOS/Source/timers.o
 .text.prvTimerTask
                0x0000000008007f8c       0x24 ./Middlewares/Third_Party/FreeRTOS/Source/timers.o
 .text.prvProcessTimerOrBlockTask
                0x0000000008007fb0       0x9c ./Middlewares/Third_Party/FreeRTOS/Source/timers.o
 .text.prvGetNextExpireTime
                0x000000000800804c       0x48 ./Middlewares/Third_Party/FreeRTOS/Source/timers.o
 .text.prvSampleTimeNow
                0x0000000008008094       0x40 ./Middlewares/Third_Party/FreeRTOS/Source/timers.o
 .text.prvInsertTimerInActiveList
                0x00000000080080d4       0x84 ./Middlewares/Third_Party/FreeRTOS/Source/timers.o
 .text.prvProcessReceivedCommands
                0x0000000008008158      0x168 ./Middlewares/Third_Party/FreeRTOS/Source/timers.o
 .text.prvSwitchTimerLists
                0x00000000080082c0       0xc4 ./Middlewares/Third_Party/FreeRTOS/Source/timers.o
 .text.prvCheckForValidListAndQueue
                0x0000000008008384       0x80 ./Middlewares/Third_Party/FreeRTOS/Source/timers.o
 .text.pxPortInitialiseStack
                0x0000000008008404       0x58 ./Middlewares/Third_Party/FreeRTOS/Source/portable/GCC/ARM_CM3/port.o
                0x0000000008008404                pxPortInitialiseStack
 .text.prvTaskExitError
                0x000000000800845c       0x58 ./Middlewares/Third_Party/FreeRTOS/Source/portable/GCC/ARM_CM3/port.o
 *fill*         0x00000000080084b4        0xc 
 .text.SVC_Handler
                0x00000000080084c0       0x28 ./Middlewares/Third_Party/FreeRTOS/Source/portable/GCC/ARM_CM3/port.o
                0x00000000080084c0                SVC_Handler
 .text.prvPortStartFirstTask
                0x00000000080084e8       0x20 ./Middlewares/Third_Party/FreeRTOS/Source/portable/GCC/ARM_CM3/port.o
 .text.xPortStartScheduler
                0x0000000008008508       0xe4 ./Middlewares/Third_Party/FreeRTOS/Source/portable/GCC/ARM_CM3/port.o
                0x0000000008008508                xPortStartScheduler
 .text.vPortEnterCritical
                0x00000000080085ec       0x60 ./Middlewares/Third_Party/FreeRTOS/Source/portable/GCC/ARM_CM3/port.o
                0x00000000080085ec                vPortEnterCritical
 .text.vPortExitCritical
                0x000000000800864c       0x50 ./Middlewares/Third_Party/FreeRTOS/Source/portable/GCC/ARM_CM3/port.o
                0x000000000800864c                vPortExitCritical
 *fill*         0x000000000800869c        0x4 
 .text.PendSV_Handler
                0x00000000080086a0       0x48 ./Middlewares/Third_Party/FreeRTOS/Source/portable/GCC/ARM_CM3/port.o
                0x00000000080086a0                PendSV_Handler
 .text.SysTick_Handler
                0x00000000080086e8       0x44 ./Middlewares/Third_Party/FreeRTOS/Source/portable/GCC/ARM_CM3/port.o
                0x00000000080086e8                SysTick_Handler
 .text.vPortSetupTimerInterrupt
                0x000000000800872c       0x44 ./Middlewares/Third_Party/FreeRTOS/Source/portable/GCC/ARM_CM3/port.o
                0x000000000800872c                vPortSetupTimerInterrupt
 .text.vPortValidateInterruptPriority
                0x0000000008008770       0x7c ./Middlewares/Third_Party/FreeRTOS/Source/portable/GCC/ARM_CM3/port.o
                0x0000000008008770                vPortValidateInterruptPriority
 .text.pvPortMalloc
                0x00000000080087ec      0x188 ./Middlewares/Third_Party/FreeRTOS/Source/portable/MemMang/heap_4.o
                0x00000000080087ec                pvPortMalloc
 .text.vPortFree
                0x0000000008008974       0xb4 ./Middlewares/Third_Party/FreeRTOS/Source/portable/MemMang/heap_4.o
                0x0000000008008974                vPortFree
 .text.prvHeapInit
                0x0000000008008a28       0xc4 ./Middlewares/Third_Party/FreeRTOS/Source/portable/MemMang/heap_4.o
 .text.prvInsertBlockIntoFreeList
                0x0000000008008aec       0xb0 ./Middlewares/Third_Party/FreeRTOS/Source/portable/MemMang/heap_4.o
 .text.atoi     0x0000000008008b9c        0x8 c:/program files/stmicroelectronics/stm32cube/stm32cubeide_1.12.1/stm32cubeide/plugins/com.st.stm32cube.ide.mcu.externaltools.gnu-tools-for-stm32.10.3-2021.10.win32_1.0.200.202301161003/tools/bin/../lib/gcc/arm-none-eabi/10.3.1/../../../../arm-none-eabi/lib/thumb/v7-m/nofp\libc_nano.a(lib_a-atoi.o)
                0x0000000008008b9c                atoi
 .text.__errno  0x0000000008008ba4        0xc c:/program files/stmicroelectronics/stm32cube/stm32cubeide_1.12.1/stm32cubeide/plugins/com.st.stm32cube.ide.mcu.externaltools.gnu-tools-for-stm32.10.3-2021.10.win32_1.0.200.202301161003/tools/bin/../lib/gcc/arm-none-eabi/10.3.1/../../../../arm-none-eabi/lib/thumb/v7-m/nofp\libc_nano.a(lib_a-errno.o)
                0x0000000008008ba4                __errno
 .text.__libc_init_array
                0x0000000008008bb0       0x48 c:/program files/stmicroelectronics/stm32cube/stm32cubeide_1.12.1/stm32cubeide/plugins/com.st.stm32cube.ide.mcu.externaltools.gnu-tools-for-stm32.10.3-2021.10.win32_1.0.200.202301161003/tools/bin/../lib/gcc/arm-none-eabi/10.3.1/../../../../arm-none-eabi/lib/thumb/v7-m/nofp\libc_nano.a(lib_a-init.o)
                0x0000000008008bb0                __libc_init_array
 .text.memcpy   0x0000000008008bf8       0x1c c:/program files/stmicroelectronics/stm32cube/stm32cubeide_1.12.1/stm32cubeide/plugins/com.st.stm32cube.ide.mcu.externaltools.gnu-tools-for-stm32.10.3-2021.10.win32_1.0.200.202301161003/tools/bin/../lib/gcc/arm-none-eabi/10.3.1/../../../../arm-none-eabi/lib/thumb/v7-m/nofp\libc_nano.a(lib_a-memcpy-stub.o)
                0x0000000008008bf8                memcpy
 .text.memmove  0x0000000008008c14       0x34 c:/program files/stmicroelectronics/stm32cube/stm32cubeide_1.12.1/stm32cubeide/plugins/com.st.stm32cube.ide.mcu.externaltools.gnu-tools-for-stm32.10.3-2021.10.win32_1.0.200.202301161003/tools/bin/../lib/gcc/arm-none-eabi/10.3.1/../../../../arm-none-eabi/lib/thumb/v7-m/nofp\libc_nano.a(lib_a-memmove.o)
                0x0000000008008c14                memmove
 .text.memset   0x0000000008008c48       0x10 c:/program files/stmicroelectronics/stm32cube/stm32cubeide_1.12.1/stm32cubeide/plugins/com.st.stm32cube.ide.mcu.externaltools.gnu-tools-for-stm32.10.3-2021.10.win32_1.0.200.202301161003/tools/bin/../lib/gcc/arm-none-eabi/10.3.1/../../../../arm-none-eabi/lib/thumb/v7-m/nofp\libc_nano.a(lib_a-memset.o)
                0x0000000008008c48                memset
 .text.printf   0x0000000008008c58       0x30 c:/program files/stmicroelectronics/stm32cube/stm32cubeide_1.12.1/stm32cubeide/plugins/com.st.stm32cube.ide.mcu.externaltools.gnu-tools-for-stm32.10.3-2021.10.win32_1.0.200.202301161003/tools/bin/../lib/gcc/arm-none-eabi/10.3.1/../../../../arm-none-eabi/lib/thumb/v7-m/nofp\libc_nano.a(lib_a-printf.o)
                0x0000000008008c58                iprintf
                0x0000000008008c58                printf
 .text._puts_r  0x0000000008008c88       0xdc c:/program files/stmicroelectronics/stm32cube/stm32cubeide_1.12.1/stm32cubeide/plugins/com.st.stm32cube.ide.mcu.externaltools.gnu-tools-for-stm32.10.3-2021.10.win32_1.0.200.202301161003/tools/bin/../lib/gcc/arm-none-eabi/10.3.1/../../../../arm-none-eabi/lib/thumb/v7-m/nofp\libc_nano.a(lib_a-puts.o)
                0x0000000008008c88                _puts_r
 .text.puts     0x0000000008008d64       0x10 c:/program files/stmicroelectronics/stm32cube/stm32cubeide_1.12.1/stm32cubeide/plugins/com.st.stm32cube.ide.mcu.externaltools.gnu-tools-for-stm32.10.3-2021.10.win32_1.0.200.202301161003/tools/bin/../lib/gcc/arm-none-eabi/10.3.1/../../../../arm-none-eabi/lib/thumb/v7-m/nofp\libc_nano.a(lib_a-puts.o)
                0x0000000008008d64                puts
 .text.sprintf  0x0000000008008d74       0x40 c:/program files/stmicroelectronics/stm32cube/stm32cubeide_1.12.1/stm32cubeide/plugins/com.st.stm32cube.ide.mcu.externaltools.gnu-tools-for-stm32.10.3-2021.10.win32_1.0.200.202301161003/tools/bin/../lib/gcc/arm-none-eabi/10.3.1/../../../../arm-none-eabi/lib/thumb/v7-m/nofp\libc_nano.a(lib_a-sprintf.o)
                0x0000000008008d74                siprintf
                0x0000000008008d74                sprintf
 .text.strcpy   0x0000000008008db4       0x10 c:/program files/stmicroelectronics/stm32cube/stm32cubeide_1.12.1/stm32cubeide/plugins/com.st.stm32cube.ide.mcu.externaltools.gnu-tools-for-stm32.10.3-2021.10.win32_1.0.200.202301161003/tools/bin/../lib/gcc/arm-none-eabi/10.3.1/../../../../arm-none-eabi/lib/thumb/v7-m/nofp\libc_nano.a(lib_a-strcpy.o)
                0x0000000008008db4                strcpy
 .text._strtol_l.constprop.0
                0x0000000008008dc4       0xf8 c:/program files/stmicroelectronics/stm32cube/stm32cubeide_1.12.1/stm32cubeide/plugins/com.st.stm32cube.ide.mcu.externaltools.gnu-tools-for-stm32.10.3-2021.10.win32_1.0.200.202301161003/tools/bin/../lib/gcc/arm-none-eabi/10.3.1/../../../../arm-none-eabi/lib/thumb/v7-m/nofp\libc_nano.a(lib_a-strtol.o)
 .text.strtol   0x0000000008008ebc       0x14 c:/program files/stmicroelectronics/stm32cube/stm32cubeide_1.12.1/stm32cubeide/plugins/com.st.stm32cube.ide.mcu.externaltools.gnu-tools-for-stm32.10.3-2021.10.win32_1.0.200.202301161003/tools/bin/../lib/gcc/arm-none-eabi/10.3.1/../../../../arm-none-eabi/lib/thumb/v7-m/nofp\libc_nano.a(lib_a-strtol.o)
                0x0000000008008ebc                strtol
 .text.__swbuf_r
                0x0000000008008ed0       0xa4 c:/program files/stmicroelectronics/stm32cube/stm32cubeide_1.12.1/stm32cubeide/plugins/com.st.stm32cube.ide.mcu.externaltools.gnu-tools-for-stm32.10.3-2021.10.win32_1.0.200.202301161003/tools/bin/../lib/gcc/arm-none-eabi/10.3.1/../../../../arm-none-eabi/lib/thumb/v7-m/nofp\libc_nano.a(lib_a-wbuf.o)
                0x0000000008008ed0                __swbuf_r
 .text.__swsetup_r
                0x0000000008008f74       0xdc c:/program files/stmicroelectronics/stm32cube/stm32cubeide_1.12.1/stm32cubeide/plugins/com.st.stm32cube.ide.mcu.externaltools.gnu-tools-for-stm32.10.3-2021.10.win32_1.0.200.202301161003/tools/bin/../lib/gcc/arm-none-eabi/10.3.1/../../../../arm-none-eabi/lib/thumb/v7-m/nofp\libc_nano.a(lib_a-wsetup.o)
                0x0000000008008f74                __swsetup_r
 .text.__sflush_r
                0x0000000008009050      0x104 c:/program files/stmicroelectronics/stm32cube/stm32cubeide_1.12.1/stm32cubeide/plugins/com.st.stm32cube.ide.mcu.externaltools.gnu-tools-for-stm32.10.3-2021.10.win32_1.0.200.202301161003/tools/bin/../lib/gcc/arm-none-eabi/10.3.1/../../../../arm-none-eabi/lib/thumb/v7-m/nofp\libc_nano.a(lib_a-fflush.o)
                0x0000000008009050                __sflush_r
 .text._fflush_r
                0x0000000008009154       0x78 c:/program files/stmicroelectronics/stm32cube/stm32cubeide_1.12.1/stm32cubeide/plugins/com.st.stm32cube.ide.mcu.externaltools.gnu-tools-for-stm32.10.3-2021.10.win32_1.0.200.202301161003/tools/bin/../lib/gcc/arm-none-eabi/10.3.1/../../../../arm-none-eabi/lib/thumb/v7-m/nofp\libc_nano.a(lib_a-fflush.o)
                0x0000000008009154                _fflush_r
 .text.std      0x00000000080091cc       0x48 c:/program files/stmicroelectronics/stm32cube/stm32cubeide_1.12.1/stm32cubeide/plugins/com.st.stm32cube.ide.mcu.externaltools.gnu-tools-for-stm32.10.3-2021.10.win32_1.0.200.202301161003/tools/bin/../lib/gcc/arm-none-eabi/10.3.1/../../../../arm-none-eabi/lib/thumb/v7-m/nofp\libc_nano.a(lib_a-findfp.o)
 .text._cleanup_r
                0x0000000008009214        0xc c:/program files/stmicroelectronics/stm32cube/stm32cubeide_1.12.1/stm32cubeide/plugins/com.st.stm32cube.ide.mcu.externaltools.gnu-tools-for-stm32.10.3-2021.10.win32_1.0.200.202301161003/tools/bin/../lib/gcc/arm-none-eabi/10.3.1/../../../../arm-none-eabi/lib/thumb/v7-m/nofp\libc_nano.a(lib_a-findfp.o)
                0x0000000008009214                _cleanup_r
 .text.__sfmoreglue
                0x0000000008009220       0x2c c:/program files/stmicroelectronics/stm32cube/stm32cubeide_1.12.1/stm32cubeide/plugins/com.st.stm32cube.ide.mcu.externaltools.gnu-tools-for-stm32.10.3-2021.10.win32_1.0.200.202301161003/tools/bin/../lib/gcc/arm-none-eabi/10.3.1/../../../../arm-none-eabi/lib/thumb/v7-m/nofp\libc_nano.a(lib_a-findfp.o)
                0x0000000008009220                __sfmoreglue
 .text.__sfp_lock_acquire
                0x000000000800924c        0xc c:/program files/stmicroelectronics/stm32cube/stm32cubeide_1.12.1/stm32cubeide/plugins/com.st.stm32cube.ide.mcu.externaltools.gnu-tools-for-stm32.10.3-2021.10.win32_1.0.200.202301161003/tools/bin/../lib/gcc/arm-none-eabi/10.3.1/../../../../arm-none-eabi/lib/thumb/v7-m/nofp\libc_nano.a(lib_a-findfp.o)
                0x000000000800924c                __sfp_lock_acquire
 .text.__sfp_lock_release
                0x0000000008009258        0xc c:/program files/stmicroelectronics/stm32cube/stm32cubeide_1.12.1/stm32cubeide/plugins/com.st.stm32cube.ide.mcu.externaltools.gnu-tools-for-stm32.10.3-2021.10.win32_1.0.200.202301161003/tools/bin/../lib/gcc/arm-none-eabi/10.3.1/../../../../arm-none-eabi/lib/thumb/v7-m/nofp\libc_nano.a(lib_a-findfp.o)
                0x0000000008009258                __sfp_lock_release
 .text.__sinit_lock_acquire
                0x0000000008009264        0xc c:/program files/stmicroelectronics/stm32cube/stm32cubeide_1.12.1/stm32cubeide/plugins/com.st.stm32cube.ide.mcu.externaltools.gnu-tools-for-stm32.10.3-2021.10.win32_1.0.200.202301161003/tools/bin/../lib/gcc/arm-none-eabi/10.3.1/../../../../arm-none-eabi/lib/thumb/v7-m/nofp\libc_nano.a(lib_a-findfp.o)
                0x0000000008009264                __sinit_lock_acquire
 .text.__sinit_lock_release
                0x0000000008009270        0xc c:/program files/stmicroelectronics/stm32cube/stm32cubeide_1.12.1/stm32cubeide/plugins/com.st.stm32cube.ide.mcu.externaltools.gnu-tools-for-stm32.10.3-2021.10.win32_1.0.200.202301161003/tools/bin/../lib/gcc/arm-none-eabi/10.3.1/../../../../arm-none-eabi/lib/thumb/v7-m/nofp\libc_nano.a(lib_a-findfp.o)
                0x0000000008009270                __sinit_lock_release
 .text.__sinit  0x000000000800927c       0x70 c:/program files/stmicroelectronics/stm32cube/stm32cubeide_1.12.1/stm32cubeide/plugins/com.st.stm32cube.ide.mcu.externaltools.gnu-tools-for-stm32.10.3-2021.10.win32_1.0.200.202301161003/tools/bin/../lib/gcc/arm-none-eabi/10.3.1/../../../../arm-none-eabi/lib/thumb/v7-m/nofp\libc_nano.a(lib_a-findfp.o)
                0x000000000800927c                __sinit
 .text.__sfp    0x00000000080092ec       0x8c c:/program files/stmicroelectronics/stm32cube/stm32cubeide_1.12.1/stm32cubeide/plugins/com.st.stm32cube.ide.mcu.externaltools.gnu-tools-for-stm32.10.3-2021.10.win32_1.0.200.202301161003/tools/bin/../lib/gcc/arm-none-eabi/10.3.1/../../../../arm-none-eabi/lib/thumb/v7-m/nofp\libc_nano.a(lib_a-findfp.o)
                0x00000000080092ec                __sfp
 .text._fwalk_reent
                0x0000000008009378       0x3e c:/program files/stmicroelectronics/stm32cube/stm32cubeide_1.12.1/stm32cubeide/plugins/com.st.stm32cube.ide.mcu.externaltools.gnu-tools-for-stm32.10.3-2021.10.win32_1.0.200.202301161003/tools/bin/../lib/gcc/arm-none-eabi/10.3.1/../../../../arm-none-eabi/lib/thumb/v7-m/nofp\libc_nano.a(lib_a-fwalk.o)
                0x0000000008009378                _fwalk_reent
 .text.__retarget_lock_init_recursive
                0x00000000080093b6        0x2 c:/program files/stmicroelectronics/stm32cube/stm32cubeide_1.12.1/stm32cubeide/plugins/com.st.stm32cube.ide.mcu.externaltools.gnu-tools-for-stm32.10.3-2021.10.win32_1.0.200.202301161003/tools/bin/../lib/gcc/arm-none-eabi/10.3.1/../../../../arm-none-eabi/lib/thumb/v7-m/nofp\libc_nano.a(lib_a-lock.o)
                0x00000000080093b6                __retarget_lock_init_recursive
 .text.__retarget_lock_acquire_recursive
                0x00000000080093b8        0x2 c:/program files/stmicroelectronics/stm32cube/stm32cubeide_1.12.1/stm32cubeide/plugins/com.st.stm32cube.ide.mcu.externaltools.gnu-tools-for-stm32.10.3-2021.10.win32_1.0.200.202301161003/tools/bin/../lib/gcc/arm-none-eabi/10.3.1/../../../../arm-none-eabi/lib/thumb/v7-m/nofp\libc_nano.a(lib_a-lock.o)
                0x00000000080093b8                __retarget_lock_acquire_recursive
 .text.__retarget_lock_release_recursive
                0x00000000080093ba        0x2 c:/program files/stmicroelectronics/stm32cube/stm32cubeide_1.12.1/stm32cubeide/plugins/com.st.stm32cube.ide.mcu.externaltools.gnu-tools-for-stm32.10.3-2021.10.win32_1.0.200.202301161003/tools/bin/../lib/gcc/arm-none-eabi/10.3.1/../../../../arm-none-eabi/lib/thumb/v7-m/nofp\libc_nano.a(lib_a-lock.o)
                0x00000000080093ba                __retarget_lock_release_recursive
 .text.__swhatbuf_r
                0x00000000080093bc       0x4a c:/program files/stmicroelectronics/stm32cube/stm32cubeide_1.12.1/stm32cubeide/plugins/com.st.stm32cube.ide.mcu.externaltools.gnu-tools-for-stm32.10.3-2021.10.win32_1.0.200.202301161003/tools/bin/../lib/gcc/arm-none-eabi/10.3.1/../../../../arm-none-eabi/lib/thumb/v7-m/nofp\libc_nano.a(lib_a-makebuf.o)
                0x00000000080093bc                __swhatbuf_r
 *fill*         0x0000000008009406        0x2 
 .text.__smakebuf_r
                0x0000000008009408       0x80 c:/program files/stmicroelectronics/stm32cube/stm32cubeide_1.12.1/stm32cubeide/plugins/com.st.stm32cube.ide.mcu.externaltools.gnu-tools-for-stm32.10.3-2021.10.win32_1.0.200.202301161003/tools/bin/../lib/gcc/arm-none-eabi/10.3.1/../../../../arm-none-eabi/lib/thumb/v7-m/nofp\libc_nano.a(lib_a-makebuf.o)
                0x0000000008009408                __smakebuf_r
 .text._free_r  0x0000000008009488       0x90 c:/program files/stmicroelectronics/stm32cube/stm32cubeide_1.12.1/stm32cubeide/plugins/com.st.stm32cube.ide.mcu.externaltools.gnu-tools-for-stm32.10.3-2021.10.win32_1.0.200.202301161003/tools/bin/../lib/gcc/arm-none-eabi/10.3.1/../../../../arm-none-eabi/lib/thumb/v7-m/nofp\libc_nano.a(lib_a-nano-freer.o)
                0x0000000008009488                _free_r
 .text.sbrk_aligned
                0x0000000008009518       0x40 c:/program files/stmicroelectronics/stm32cube/stm32cubeide_1.12.1/stm32cubeide/plugins/com.st.stm32cube.ide.mcu.externaltools.gnu-tools-for-stm32.10.3-2021.10.win32_1.0.200.202301161003/tools/bin/../lib/gcc/arm-none-eabi/10.3.1/../../../../arm-none-eabi/lib/thumb/v7-m/nofp\libc_nano.a(lib_a-nano-mallocr.o)
 .text._malloc_r
                0x0000000008009558       0xe8 c:/program files/stmicroelectronics/stm32cube/stm32cubeide_1.12.1/stm32cubeide/plugins/com.st.stm32cube.ide.mcu.externaltools.gnu-tools-for-stm32.10.3-2021.10.win32_1.0.200.202301161003/tools/bin/../lib/gcc/arm-none-eabi/10.3.1/../../../../arm-none-eabi/lib/thumb/v7-m/nofp\libc_nano.a(lib_a-nano-mallocr.o)
                0x0000000008009558                _malloc_r
 .text.__ssputs_r
                0x0000000008009640       0xb6 c:/program files/stmicroelectronics/stm32cube/stm32cubeide_1.12.1/stm32cubeide/plugins/com.st.stm32cube.ide.mcu.externaltools.gnu-tools-for-stm32.10.3-2021.10.win32_1.0.200.202301161003/tools/bin/../lib/gcc/arm-none-eabi/10.3.1/../../../../arm-none-eabi/lib/thumb/v7-m/nofp\libc_nano.a(lib_a-nano-svfprintf.o)
                0x0000000008009640                __ssputs_r
 *fill*         0x00000000080096f6        0x2 
 .text._svfprintf_r
                0x00000000080096f8      0x200 c:/program files/stmicroelectronics/stm32cube/stm32cubeide_1.12.1/stm32cubeide/plugins/com.st.stm32cube.ide.mcu.externaltools.gnu-tools-for-stm32.10.3-2021.10.win32_1.0.200.202301161003/tools/bin/../lib/gcc/arm-none-eabi/10.3.1/../../../../arm-none-eabi/lib/thumb/v7-m/nofp\libc_nano.a(lib_a-nano-svfprintf.o)
                0x00000000080096f8                _svfiprintf_r
                0x00000000080096f8                _svfprintf_r
 .text.__sfputc_r
                0x00000000080098f8       0x2a c:/program files/stmicroelectronics/stm32cube/stm32cubeide_1.12.1/stm32cubeide/plugins/com.st.stm32cube.ide.mcu.externaltools.gnu-tools-for-stm32.10.3-2021.10.win32_1.0.200.202301161003/tools/bin/../lib/gcc/arm-none-eabi/10.3.1/../../../../arm-none-eabi/lib/thumb/v7-m/nofp\libc_nano.a(lib_a-nano-vfprintf.o)
 .text.__sfputs_r
                0x0000000008009922       0x24 c:/program files/stmicroelectronics/stm32cube/stm32cubeide_1.12.1/stm32cubeide/plugins/com.st.stm32cube.ide.mcu.externaltools.gnu-tools-for-stm32.10.3-2021.10.win32_1.0.200.202301161003/tools/bin/../lib/gcc/arm-none-eabi/10.3.1/../../../../arm-none-eabi/lib/thumb/v7-m/nofp\libc_nano.a(lib_a-nano-vfprintf.o)
                0x0000000008009922                __sfputs_r
 *fill*         0x0000000008009946        0x2 
 .text._vfprintf_r
                0x0000000008009948      0x260 c:/program files/stmicroelectronics/stm32cube/stm32cubeide_1.12.1/stm32cubeide/plugins/com.st.stm32cube.ide.mcu.externaltools.gnu-tools-for-stm32.10.3-2021.10.win32_1.0.200.202301161003/tools/bin/../lib/gcc/arm-none-eabi/10.3.1/../../../../arm-none-eabi/lib/thumb/v7-m/nofp\libc_nano.a(lib_a-nano-vfprintf.o)
                0x0000000008009948                _vfprintf_r
                0x0000000008009948                _vfiprintf_r
 .text._printf_common
                0x0000000008009ba8       0xde c:/program files/stmicroelectronics/stm32cube/stm32cubeide_1.12.1/stm32cubeide/plugins/com.st.stm32cube.ide.mcu.externaltools.gnu-tools-for-stm32.10.3-2021.10.win32_1.0.200.202301161003/tools/bin/../lib/gcc/arm-none-eabi/10.3.1/../../../../arm-none-eabi/lib/thumb/v7-m/nofp\libc_nano.a(lib_a-nano-vfprintf_i.o)
                0x0000000008009ba8                _printf_common
 *fill*         0x0000000008009c86        0x2 
 .text._printf_i
                0x0000000008009c88      0x24c c:/program files/stmicroelectronics/stm32cube/stm32cubeide_1.12.1/stm32cubeide/plugins/com.st.stm32cube.ide.mcu.externaltools.gnu-tools-for-stm32.10.3-2021.10.win32_1.0.200.202301161003/tools/bin/../lib/gcc/arm-none-eabi/10.3.1/../../../../arm-none-eabi/lib/thumb/v7-m/nofp\libc_nano.a(lib_a-nano-vfprintf_i.o)
                0x0000000008009c88                _printf_i
 .text._sbrk_r  0x0000000008009ed4       0x20 c:/program files/stmicroelectronics/stm32cube/stm32cubeide_1.12.1/stm32cubeide/plugins/com.st.stm32cube.ide.mcu.externaltools.gnu-tools-for-stm32.10.3-2021.10.win32_1.0.200.202301161003/tools/bin/../lib/gcc/arm-none-eabi/10.3.1/../../../../arm-none-eabi/lib/thumb/v7-m/nofp\libc_nano.a(lib_a-sbrkr.o)
                0x0000000008009ed4                _sbrk_r
 .text.__sread  0x0000000008009ef4       0x22 c:/program files/stmicroelectronics/stm32cube/stm32cubeide_1.12.1/stm32cubeide/plugins/com.st.stm32cube.ide.mcu.externaltools.gnu-tools-for-stm32.10.3-2021.10.win32_1.0.200.202301161003/tools/bin/../lib/gcc/arm-none-eabi/10.3.1/../../../../arm-none-eabi/lib/thumb/v7-m/nofp\libc_nano.a(lib_a-stdio.o)
                0x0000000008009ef4                __sread
 .text.__swrite
                0x0000000008009f16       0x38 c:/program files/stmicroelectronics/stm32cube/stm32cubeide_1.12.1/stm32cubeide/plugins/com.st.stm32cube.ide.mcu.externaltools.gnu-tools-for-stm32.10.3-2021.10.win32_1.0.200.202301161003/tools/bin/../lib/gcc/arm-none-eabi/10.3.1/../../../../arm-none-eabi/lib/thumb/v7-m/nofp\libc_nano.a(lib_a-stdio.o)
                0x0000000008009f16                __swrite
 .text.__sseek  0x0000000008009f4e       0x24 c:/program files/stmicroelectronics/stm32cube/stm32cubeide_1.12.1/stm32cubeide/plugins/com.st.stm32cube.ide.mcu.externaltools.gnu-tools-for-stm32.10.3-2021.10.win32_1.0.200.202301161003/tools/bin/../lib/gcc/arm-none-eabi/10.3.1/../../../../arm-none-eabi/lib/thumb/v7-m/nofp\libc_nano.a(lib_a-stdio.o)
                0x0000000008009f4e                __sseek
 .text.__sclose
                0x0000000008009f72        0x8 c:/program files/stmicroelectronics/stm32cube/stm32cubeide_1.12.1/stm32cubeide/plugins/com.st.stm32cube.ide.mcu.externaltools.gnu-tools-for-stm32.10.3-2021.10.win32_1.0.200.202301161003/tools/bin/../lib/gcc/arm-none-eabi/10.3.1/../../../../arm-none-eabi/lib/thumb/v7-m/nofp\libc_nano.a(lib_a-stdio.o)
                0x0000000008009f72                __sclose
 *fill*         0x0000000008009f7a        0x2 
 .text._write_r
                0x0000000008009f7c       0x24 c:/program files/stmicroelectronics/stm32cube/stm32cubeide_1.12.1/stm32cubeide/plugins/com.st.stm32cube.ide.mcu.externaltools.gnu-tools-for-stm32.10.3-2021.10.win32_1.0.200.202301161003/tools/bin/../lib/gcc/arm-none-eabi/10.3.1/../../../../arm-none-eabi/lib/thumb/v7-m/nofp\libc_nano.a(lib_a-writer.o)
                0x0000000008009f7c                _write_r
 .text._close_r
                0x0000000008009fa0       0x20 c:/program files/stmicroelectronics/stm32cube/stm32cubeide_1.12.1/stm32cubeide/plugins/com.st.stm32cube.ide.mcu.externaltools.gnu-tools-for-stm32.10.3-2021.10.win32_1.0.200.202301161003/tools/bin/../lib/gcc/arm-none-eabi/10.3.1/../../../../arm-none-eabi/lib/thumb/v7-m/nofp\libc_nano.a(lib_a-closer.o)
                0x0000000008009fa0                _close_r
 .text._fstat_r
                0x0000000008009fc0       0x24 c:/program files/stmicroelectronics/stm32cube/stm32cubeide_1.12.1/stm32cubeide/plugins/com.st.stm32cube.ide.mcu.externaltools.gnu-tools-for-stm32.10.3-2021.10.win32_1.0.200.202301161003/tools/bin/../lib/gcc/arm-none-eabi/10.3.1/../../../../arm-none-eabi/lib/thumb/v7-m/nofp\libc_nano.a(lib_a-fstatr.o)
                0x0000000008009fc0                _fstat_r
 .text._isatty_r
                0x0000000008009fe4       0x20 c:/program files/stmicroelectronics/stm32cube/stm32cubeide_1.12.1/stm32cubeide/plugins/com.st.stm32cube.ide.mcu.externaltools.gnu-tools-for-stm32.10.3-2021.10.win32_1.0.200.202301161003/tools/bin/../lib/gcc/arm-none-eabi/10.3.1/../../../../arm-none-eabi/lib/thumb/v7-m/nofp\libc_nano.a(lib_a-isattyr.o)
                0x0000000008009fe4                _isatty_r
 .text._lseek_r
                0x000000000800a004       0x24 c:/program files/stmicroelectronics/stm32cube/stm32cubeide_1.12.1/stm32cubeide/plugins/com.st.stm32cube.ide.mcu.externaltools.gnu-tools-for-stm32.10.3-2021.10.win32_1.0.200.202301161003/tools/bin/../lib/gcc/arm-none-eabi/10.3.1/../../../../arm-none-eabi/lib/thumb/v7-m/nofp\libc_nano.a(lib_a-lseekr.o)
                0x000000000800a004                _lseek_r
 .text.memchr   0x000000000800a028       0x1c c:/program files/stmicroelectronics/stm32cube/stm32cubeide_1.12.1/stm32cubeide/plugins/com.st.stm32cube.ide.mcu.externaltools.gnu-tools-for-stm32.10.3-2021.10.win32_1.0.200.202301161003/tools/bin/../lib/gcc/arm-none-eabi/10.3.1/../../../../arm-none-eabi/lib/thumb/v7-m/nofp\libc_nano.a(lib_a-memchr-stub.o)
                0x000000000800a028                memchr
 .text.__malloc_lock
                0x000000000800a044        0xc c:/program files/stmicroelectronics/stm32cube/stm32cubeide_1.12.1/stm32cubeide/plugins/com.st.stm32cube.ide.mcu.externaltools.gnu-tools-for-stm32.10.3-2021.10.win32_1.0.200.202301161003/tools/bin/../lib/gcc/arm-none-eabi/10.3.1/../../../../arm-none-eabi/lib/thumb/v7-m/nofp\libc_nano.a(lib_a-mlock.o)
                0x000000000800a044                __malloc_lock
 .text.__malloc_unlock
                0x000000000800a050        0xc c:/program files/stmicroelectronics/stm32cube/stm32cubeide_1.12.1/stm32cubeide/plugins/com.st.stm32cube.ide.mcu.externaltools.gnu-tools-for-stm32.10.3-2021.10.win32_1.0.200.202301161003/tools/bin/../lib/gcc/arm-none-eabi/10.3.1/../../../../arm-none-eabi/lib/thumb/v7-m/nofp\libc_nano.a(lib_a-mlock.o)
                0x000000000800a050                __malloc_unlock
 .text._realloc_r
                0x000000000800a05c       0x5e c:/program files/stmicroelectronics/stm32cube/stm32cubeide_1.12.1/stm32cubeide/plugins/com.st.stm32cube.ide.mcu.externaltools.gnu-tools-for-stm32.10.3-2021.10.win32_1.0.200.202301161003/tools/bin/../lib/gcc/arm-none-eabi/10.3.1/../../../../arm-none-eabi/lib/thumb/v7-m/nofp\libc_nano.a(lib_a-nano-reallocr.o)
                0x000000000800a05c                _realloc_r
 *fill*         0x000000000800a0ba        0x2 
 .text._read_r  0x000000000800a0bc       0x24 c:/program files/stmicroelectronics/stm32cube/stm32cubeide_1.12.1/stm32cubeide/plugins/com.st.stm32cube.ide.mcu.externaltools.gnu-tools-for-stm32.10.3-2021.10.win32_1.0.200.202301161003/tools/bin/../lib/gcc/arm-none-eabi/10.3.1/../../../../arm-none-eabi/lib/thumb/v7-m/nofp\libc_nano.a(lib_a-readr.o)
                0x000000000800a0bc                _read_r
 .text._malloc_usable_size_r
                0x000000000800a0e0       0x10 c:/program files/stmicroelectronics/stm32cube/stm32cubeide_1.12.1/stm32cubeide/plugins/com.st.stm32cube.ide.mcu.externaltools.gnu-tools-for-stm32.10.3-2021.10.win32_1.0.200.202301161003/tools/bin/../lib/gcc/arm-none-eabi/10.3.1/../../../../arm-none-eabi/lib/thumb/v7-m/nofp\libc_nano.a(lib_a-nano-msizer.o)
                0x000000000800a0e0                _malloc_usable_size_r
 *(.glue_7)
 .glue_7        0x000000000800a0f0        0x0 linker stubs
 *(.glue_7t)
 .glue_7t       0x000000000800a0f0        0x0 linker stubs
 *(.eh_frame)
 .eh_frame      0x000000000800a0f0        0x0 c:/program files/stmicroelectronics/stm32cube/stm32cubeide_1.12.1/stm32cubeide/plugins/com.st.stm32cube.ide.mcu.externaltools.gnu-tools-for-stm32.10.3-2021.10.win32_1.0.200.202301161003/tools/bin/../lib/gcc/arm-none-eabi/10.3.1/thumb/v7-m/nofp/crtbegin.o
 *(.init)
 .init          0x000000000800a0f0        0x4 c:/program files/stmicroelectronics/stm32cube/stm32cubeide_1.12.1/stm32cubeide/plugins/com.st.stm32cube.ide.mcu.externaltools.gnu-tools-for-stm32.10.3-2021.10.win32_1.0.200.202301161003/tools/bin/../lib/gcc/arm-none-eabi/10.3.1/thumb/v7-m/nofp/crti.o
                0x000000000800a0f0                _init
 .init          0x000000000800a0f4        0x8 c:/program files/stmicroelectronics/stm32cube/stm32cubeide_1.12.1/stm32cubeide/plugins/com.st.stm32cube.ide.mcu.externaltools.gnu-tools-for-stm32.10.3-2021.10.win32_1.0.200.202301161003/tools/bin/../lib/gcc/arm-none-eabi/10.3.1/thumb/v7-m/nofp/crtn.o
 *(.fini)
 .fini          0x000000000800a0fc        0x4 c:/program files/stmicroelectronics/stm32cube/stm32cubeide_1.12.1/stm32cubeide/plugins/com.st.stm32cube.ide.mcu.externaltools.gnu-tools-for-stm32.10.3-2021.10.win32_1.0.200.202301161003/tools/bin/../lib/gcc/arm-none-eabi/10.3.1/thumb/v7-m/nofp/crti.o
                0x000000000800a0fc                _fini
 .fini          0x000000000800a100        0x8 c:/program files/stmicroelectronics/stm32cube/stm32cubeide_1.12.1/stm32cubeide/plugins/com.st.stm32cube.ide.mcu.externaltools.gnu-tools-for-stm32.10.3-2021.10.win32_1.0.200.202301161003/tools/bin/../lib/gcc/arm-none-eabi/10.3.1/thumb/v7-m/nofp/crtn.o
                0x000000000800a108                . = ALIGN (0x4)
                0x000000000800a108                _etext = .

.vfp11_veneer   0x000000000800a108        0x0
 .vfp11_veneer  0x000000000800a108        0x0 linker stubs

.v4_bx          0x000000000800a108        0x0
 .v4_bx         0x000000000800a108        0x0 linker stubs

.iplt           0x000000000800a108        0x0
 .iplt          0x000000000800a108        0x0 c:/program files/stmicroelectronics/stm32cube/stm32cubeide_1.12.1/stm32cubeide/plugins/com.st.stm32cube.ide.mcu.externaltools.gnu-tools-for-stm32.10.3-2021.10.win32_1.0.200.202301161003/tools/bin/../lib/gcc/arm-none-eabi/10.3.1/thumb/v7-m/nofp/crtbegin.o

.rodata         0x000000000800a108     0x2c1c
                0x000000000800a108                . = ALIGN (0x4)
 *(.rodata)
 .rodata        0x000000000800a108      0x19a ./Core/Src/main.o
 *fill*         0x000000000800a2a2        0x2 
 .rodata        0x000000000800a2a4        0x5 ./Middlewares/Third_Party/FreeRTOS/Source/tasks.o
 *fill*         0x000000000800a2a9        0x3 
 .rodata        0x000000000800a2ac        0xd ./Middlewares/Third_Party/FreeRTOS/Source/timers.o
 *(.rodata*)
 *fill*         0x000000000800a2b9        0x3 
 .rodata.SensorTask_attributes
                0x000000000800a2bc       0x24 ./Core/Src/main.o
                0x000000000800a2bc                SensorTask_attributes
 .rodata.UartTask_attributes
                0x000000000800a2e0       0x24 ./Core/Src/main.o
                0x000000000800a2e0                UartTask_attributes
 .rodata.LCDTask_attributes
                0x000000000800a304       0x24 ./Core/Src/main.o
                0x000000000800a304                LCDTask_attributes
 .rodata.wait_LCD_attributes
                0x000000000800a328       0x10 ./Core/Src/main.o
                0x000000000800a328                wait_LCD_attributes
 .rodata.wait_UART_attributes
                0x000000000800a338       0x10 ./Core/Src/main.o
                0x000000000800a338                wait_UART_attributes
 .rodata.Font7x10
                0x000000000800a348      0x76c ./Core/Src/ssd1306_fonts.o
 .rodata.Font11x18
                0x000000000800aab4      0xd5c ./Core/Src/ssd1306_fonts.o
 .rodata.Font16x26
                0x000000000800b810     0x134c ./Core/Src/ssd1306_fonts.o
 .rodata.AHBPrescTable
                0x000000000800cb5c       0x10 ./Core/Src/system_stm32f1xx.o
                0x000000000800cb5c                AHBPrescTable
 .rodata.APBPrescTable
                0x000000000800cb6c        0x8 ./Core/Src/system_stm32f1xx.o
                0x000000000800cb6c                APBPrescTable
 .rodata.aPLLMULFactorTable.1
                0x000000000800cb74       0x10 ./Drivers/STM32F1xx_HAL_Driver/Src/stm32f1xx_hal_rcc.o
 .rodata.aPredivFactorTable.0
                0x000000000800cb84        0x2 ./Drivers/STM32F1xx_HAL_Driver/Src/stm32f1xx_hal_rcc.o
 *fill*         0x000000000800cb86        0x2 
 .rodata._global_impure_ptr
                0x000000000800cb88        0x4 c:/program files/stmicroelectronics/stm32cube/stm32cubeide_1.12.1/stm32cubeide/plugins/com.st.stm32cube.ide.mcu.externaltools.gnu-tools-for-stm32.10.3-2021.10.win32_1.0.200.202301161003/tools/bin/../lib/gcc/arm-none-eabi/10.3.1/../../../../arm-none-eabi/lib/thumb/v7-m/nofp\libc_nano.a(lib_a-impure.o)
                0x000000000800cb88                _global_impure_ptr
 .rodata._ctype_
                0x000000000800cb8c      0x101 c:/program files/stmicroelectronics/stm32cube/stm32cubeide_1.12.1/stm32cubeide/plugins/com.st.stm32cube.ide.mcu.externaltools.gnu-tools-for-stm32.10.3-2021.10.win32_1.0.200.202301161003/tools/bin/../lib/gcc/arm-none-eabi/10.3.1/../../../../arm-none-eabi/lib/thumb/v7-m/nofp\libc_nano.a(lib_a-ctype_.o)
                0x000000000800cb8c                _ctype_
 *fill*         0x000000000800cc8d        0x3 
 .rodata.__sf_fake_stderr
                0x000000000800cc90       0x20 c:/program files/stmicroelectronics/stm32cube/stm32cubeide_1.12.1/stm32cubeide/plugins/com.st.stm32cube.ide.mcu.externaltools.gnu-tools-for-stm32.10.3-2021.10.win32_1.0.200.202301161003/tools/bin/../lib/gcc/arm-none-eabi/10.3.1/../../../../arm-none-eabi/lib/thumb/v7-m/nofp\libc_nano.a(lib_a-findfp.o)
                0x000000000800cc90                __sf_fake_stderr
 .rodata.__sf_fake_stdin
                0x000000000800ccb0       0x20 c:/program files/stmicroelectronics/stm32cube/stm32cubeide_1.12.1/stm32cubeide/plugins/com.st.stm32cube.ide.mcu.externaltools.gnu-tools-for-stm32.10.3-2021.10.win32_1.0.200.202301161003/tools/bin/../lib/gcc/arm-none-eabi/10.3.1/../../../../arm-none-eabi/lib/thumb/v7-m/nofp\libc_nano.a(lib_a-findfp.o)
                0x000000000800ccb0                __sf_fake_stdin
 .rodata.__sf_fake_stdout
                0x000000000800ccd0       0x20 c:/program files/stmicroelectronics/stm32cube/stm32cubeide_1.12.1/stm32cubeide/plugins/com.st.stm32cube.ide.mcu.externaltools.gnu-tools-for-stm32.10.3-2021.10.win32_1.0.200.202301161003/tools/bin/../lib/gcc/arm-none-eabi/10.3.1/../../../../arm-none-eabi/lib/thumb/v7-m/nofp\libc_nano.a(lib_a-findfp.o)
                0x000000000800ccd0                __sf_fake_stdout
 .rodata._svfprintf_r.str1.1
                0x000000000800ccf0       0x11 c:/program files/stmicroelectronics/stm32cube/stm32cubeide_1.12.1/stm32cubeide/plugins/com.st.stm32cube.ide.mcu.externaltools.gnu-tools-for-stm32.10.3-2021.10.win32_1.0.200.202301161003/tools/bin/../lib/gcc/arm-none-eabi/10.3.1/../../../../arm-none-eabi/lib/thumb/v7-m/nofp\libc_nano.a(lib_a-nano-svfprintf.o)
 .rodata._vfprintf_r.str1.1
                0x000000000800cd01       0x11 c:/program files/stmicroelectronics/stm32cube/stm32cubeide_1.12.1/stm32cubeide/plugins/com.st.stm32cube.ide.mcu.externaltools.gnu-tools-for-stm32.10.3-2021.10.win32_1.0.200.202301161003/tools/bin/../lib/gcc/arm-none-eabi/10.3.1/../../../../arm-none-eabi/lib/thumb/v7-m/nofp\libc_nano.a(lib_a-nano-vfprintf.o)
 .rodata._printf_i.str1.1
                0x000000000800cd01       0x22 c:/program files/stmicroelectronics/stm32cube/stm32cubeide_1.12.1/stm32cubeide/plugins/com.st.stm32cube.ide.mcu.externaltools.gnu-tools-for-stm32.10.3-2021.10.win32_1.0.200.202301161003/tools/bin/../lib/gcc/arm-none-eabi/10.3.1/../../../../arm-none-eabi/lib/thumb/v7-m/nofp\libc_nano.a(lib_a-nano-vfprintf_i.o)
                0x000000000800cd24                . = ALIGN (0x4)
 *fill*         0x000000000800cd23        0x1 

.rel.dyn        0x000000000800cd24        0x0
 .rel.iplt      0x000000000800cd24        0x0 c:/program files/stmicroelectronics/stm32cube/stm32cubeide_1.12.1/stm32cubeide/plugins/com.st.stm32cube.ide.mcu.externaltools.gnu-tools-for-stm32.10.3-2021.10.win32_1.0.200.202301161003/tools/bin/../lib/gcc/arm-none-eabi/10.3.1/thumb/v7-m/nofp/crtbegin.o

.ARM.extab      0x000000000800cd24        0x0
                0x000000000800cd24                . = ALIGN (0x4)
 *(.ARM.extab* .gnu.linkonce.armextab.*)
                0x000000000800cd24                . = ALIGN (0x4)

.ARM            0x000000000800cd24        0x0
                0x000000000800cd24                . = ALIGN (0x4)
                0x000000000800cd24                __exidx_start = .
 *(.ARM.exidx*)
                0x000000000800cd24                __exidx_end = .
                0x000000000800cd24                . = ALIGN (0x4)

.preinit_array  0x000000000800cd24        0x0
                0x000000000800cd24                . = ALIGN (0x4)
                0x000000000800cd24                PROVIDE (__preinit_array_start = .)
 *(.preinit_array*)
                0x000000000800cd24                PROVIDE (__preinit_array_end = .)
                0x000000000800cd24                . = ALIGN (0x4)

.init_array     0x000000000800cd24        0x4
                0x000000000800cd24                . = ALIGN (0x4)
                0x000000000800cd24                PROVIDE (__init_array_start = .)
 *(SORT_BY_NAME(.init_array.*))
 *(.init_array*)
 .init_array    0x000000000800cd24        0x4 c:/program files/stmicroelectronics/stm32cube/stm32cubeide_1.12.1/stm32cubeide/plugins/com.st.stm32cube.ide.mcu.externaltools.gnu-tools-for-stm32.10.3-2021.10.win32_1.0.200.202301161003/tools/bin/../lib/gcc/arm-none-eabi/10.3.1/thumb/v7-m/nofp/crtbegin.o
                0x000000000800cd28                PROVIDE (__init_array_end = .)
                0x000000000800cd28                . = ALIGN (0x4)

.fini_array     0x000000000800cd28        0x4
                0x000000000800cd28                . = ALIGN (0x4)
                [!provide]                        PROVIDE (__fini_array_start = .)
 *(SORT_BY_NAME(.fini_array.*))
 *(.fini_array*)
 .fini_array    0x000000000800cd28        0x4 c:/program files/stmicroelectronics/stm32cube/stm32cubeide_1.12.1/stm32cubeide/plugins/com.st.stm32cube.ide.mcu.externaltools.gnu-tools-for-stm32.10.3-2021.10.win32_1.0.200.202301161003/tools/bin/../lib/gcc/arm-none-eabi/10.3.1/thumb/v7-m/nofp/crtbegin.o
                [!provide]                        PROVIDE (__fini_array_end = .)
                0x000000000800cd2c                . = ALIGN (0x4)
                0x000000000800cd2c                _sidata = LOADADDR (.data)

.data           0x0000000020000000       0xc4 load address 0x000000000800cd2c
                0x0000000020000000                . = ALIGN (0x4)
                0x0000000020000000                _sdata = .
 *(.data)
 *(.data*)
 .data.ports    0x0000000020000000       0x10 ./Core/Src/lcd_16x2.o
                0x0000000020000000                ports
 .data.pins     0x0000000020000010        0x8 ./Core/Src/lcd_16x2.o
                0x0000000020000010                pins
 .data.do_C     0x0000000020000018        0x8 ./Core/Src/main.o
                0x0000000020000018                do_C
 .data.period   0x0000000020000020        0x4 ./Core/Src/main.o
                0x0000000020000020                period
 .data.temp_limit
                0x0000000020000024        0x2 ./Core/Src/main.o
                0x0000000020000024                temp_limit
 *fill*         0x0000000020000026        0x2 
 .data.temp_limit_char
                0x0000000020000028        0x2 ./Core/Src/main.o
                0x0000000020000028                temp_limit_char
 *fill*         0x000000002000002a        0x2 
 .data.RX_buff  0x000000002000002c        0x8 ./Core/Src/main.o
                0x000000002000002c                RX_buff
 .data.oled_on  0x0000000020000034        0x1 ./Core/Src/main.o
                0x0000000020000034                oled_on
 *fill*         0x0000000020000035        0x3 
 .data.Font_7x10
                0x0000000020000038        0x8 ./Core/Src/ssd1306_fonts.o
                0x0000000020000038                Font_7x10
 .data.Font_11x18
                0x0000000020000040        0x8 ./Core/Src/ssd1306_fonts.o
                0x0000000020000040                Font_11x18
 .data.Font_16x26
                0x0000000020000048        0x8 ./Core/Src/ssd1306_fonts.o
                0x0000000020000048                Font_16x26
 .data.SystemCoreClock
                0x0000000020000050        0x4 ./Core/Src/system_stm32f1xx.o
                0x0000000020000050                SystemCoreClock
 .data.uwTickPrio
                0x0000000020000054        0x4 ./Drivers/STM32F1xx_HAL_Driver/Src/stm32f1xx_hal.o
                0x0000000020000054                uwTickPrio
 .data.uwTickFreq
                0x0000000020000058        0x1 ./Drivers/STM32F1xx_HAL_Driver/Src/stm32f1xx_hal.o
                0x0000000020000058                uwTickFreq
 *fill*         0x0000000020000059        0x3 
 .data.uxCriticalNesting
                0x000000002000005c        0x4 ./Middlewares/Third_Party/FreeRTOS/Source/portable/GCC/ARM_CM3/port.o
 .data._impure_ptr
                0x0000000020000060        0x4 c:/program files/stmicroelectronics/stm32cube/stm32cubeide_1.12.1/stm32cubeide/plugins/com.st.stm32cube.ide.mcu.externaltools.gnu-tools-for-stm32.10.3-2021.10.win32_1.0.200.202301161003/tools/bin/../lib/gcc/arm-none-eabi/10.3.1/../../../../arm-none-eabi/lib/thumb/v7-m/nofp\libc_nano.a(lib_a-impure.o)
                0x0000000020000060                _impure_ptr
 .data.impure_data
                0x0000000020000064       0x60 c:/program files/stmicroelectronics/stm32cube/stm32cubeide_1.12.1/stm32cubeide/plugins/com.st.stm32cube.ide.mcu.externaltools.gnu-tools-for-stm32.10.3-2021.10.win32_1.0.200.202301161003/tools/bin/../lib/gcc/arm-none-eabi/10.3.1/../../../../arm-none-eabi/lib/thumb/v7-m/nofp\libc_nano.a(lib_a-impure.o)
 *(.RamFunc)
 *(.RamFunc*)
                0x00000000200000c4                . = ALIGN (0x4)
                0x00000000200000c4                _edata = .

.igot.plt       0x00000000200000c4        0x0 load address 0x000000000800cdf0
 .igot.plt      0x00000000200000c4        0x0 c:/program files/stmicroelectronics/stm32cube/stm32cubeide_1.12.1/stm32cubeide/plugins/com.st.stm32cube.ide.mcu.externaltools.gnu-tools-for-stm32.10.3-2021.10.win32_1.0.200.202301161003/tools/bin/../lib/gcc/arm-none-eabi/10.3.1/thumb/v7-m/nofp/crtbegin.o
                0x00000000200000c4                . = ALIGN (0x4)

.bss            0x00000000200000c4     0x26b4 load address 0x000000000800cdf0
                0x00000000200000c4                _sbss = .
                0x00000000200000c4                __bss_start__ = _sbss
 *(.bss)
 .bss           0x00000000200000c4       0x1c c:/program files/stmicroelectronics/stm32cube/stm32cubeide_1.12.1/stm32cubeide/plugins/com.st.stm32cube.ide.mcu.externaltools.gnu-tools-for-stm32.10.3-2021.10.win32_1.0.200.202301161003/tools/bin/../lib/gcc/arm-none-eabi/10.3.1/thumb/v7-m/nofp/crtbegin.o
 *(.bss*)
 .bss.hadc1     0x00000000200000e0       0x30 ./Core/Src/main.o
                0x00000000200000e0                hadc1
 .bss.hdma_adc1
                0x0000000020000110       0x44 ./Core/Src/main.o
                0x0000000020000110                hdma_adc1
 .bss.hi2c2     0x0000000020000154       0x54 ./Core/Src/main.o
                0x0000000020000154                hi2c2
 .bss.huart1    0x00000000200001a8       0x48 ./Core/Src/main.o
                0x00000000200001a8                huart1
 .bss.SensorTaskHandle
                0x00000000200001f0        0x4 ./Core/Src/main.o
                0x00000000200001f0                SensorTaskHandle
 .bss.UartTaskHandle
                0x00000000200001f4        0x4 ./Core/Src/main.o
                0x00000000200001f4                UartTaskHandle
 .bss.LCDTaskHandle
                0x00000000200001f8        0x4 ./Core/Src/main.o
                0x00000000200001f8                LCDTaskHandle
 .bss.wait_LCDHandle
                0x00000000200001fc        0x4 ./Core/Src/main.o
                0x00000000200001fc                wait_LCDHandle
 .bss.wait_UARTHandle
                0x0000000020000200        0x4 ./Core/Src/main.o
                0x0000000020000200                wait_UARTHandle
 .bss.data      0x0000000020000204        0x2 ./Core/Src/main.o
                0x0000000020000204                data
 .bss.nhietdo   0x0000000020000206        0x2 ./Core/Src/main.o
                0x0000000020000206                nhietdo
 .bss.temp_char
                0x0000000020000208       0x14 ./Core/Src/main.o